 FLWSim_sfun

 Timestamp is 6036e90e (Wed Feb 24 19:02:22 2021)

 Preferred load address is 0000000180000000

 Start         Length     Name                   Class
 0001:00000000 00056710H .text$mn                CODE
 0001:00056710 00000012H .text$mn$00             CODE
 0001:00056722 00000081H .text$x                 CODE
 0002:00000000 00000538H .idata$5                DATA
 0002:00000538 00000010H .00cfg                  DATA
 0002:00000548 00000008H .CRT$XCA                DATA
 0002:00000550 00000008H .CRT$XCZ                DATA
 0002:00000558 00000008H .CRT$XIA                DATA
 0002:00000560 00000008H .CRT$XIZ                DATA
 0002:00000568 00000008H .CRT$XPA                DATA
 0002:00000570 00000008H .CRT$XPZ                DATA
 0002:00000578 00000008H .CRT$XTA                DATA
 0002:00000580 00000010H .CRT$XTZ                DATA
 0002:00000590 00000354H .rdata                  DATA
 0002:000008e4 0000022cH .rdata$zzzdbg           DATA
 0002:00000b10 00000008H .rtc$IAA                DATA
 0002:00000b18 00000008H .rtc$IZZ                DATA
 0002:00000b20 00000008H .rtc$TAA                DATA
 0002:00000b28 00000008H .rtc$TZZ                DATA
 0002:00000b30 00001510H .xdata                  DATA
 0002:00002040 00000078H .edata                  DATA
 0002:000020b8 00000104H .idata$2                DATA
 0002:000021bc 00000014H .idata$3                DATA
 0002:000021d0 00000538H .idata$4                DATA
 0002:00002708 00000f6eH .idata$6                DATA
 0003:00000000 00005320H .data                   DATA
 0003:00005320 00001640H .bss                    DATA
 0004:00000000 00001b30H .pdata                  DATA
 0005:00000000 00000018H .gfids$y                DATA

  Address         Publics by Value              Rva+Base               Lib:Object

 0000:00000000       ___safe_se_handler_table   0000000000000000     <absolute>
 0000:00000000       __guard_longjmp_count      0000000000000000     <absolute>
 0000:00000000       __dynamic_value_reloc_table 0000000000000000     <absolute>
 0000:00000000       __guard_fids_table         0000000000000000     <absolute>
 0000:00000000       ___safe_se_handler_count   0000000000000000     <absolute>
 0000:00000000       __guard_iat_table          0000000000000000     <absolute>
 0000:00000000       __guard_fids_count         0000000000000000     <absolute>
 0000:00000000       __guard_iat_count          0000000000000000     <absolute>
 0000:00000000       __guard_longjmp_table      0000000000000000     <absolute>
 0000:00000100       __guard_flags              0000000000000100     <absolute>
 0000:00000000       __ImageBase                0000000180000000     <linker-defined>
 0001:00000000       FLWSim_initializer         0000000180001000 f   FLWSim_sfun.obj
 0001:00000010       FLWSim_terminator          0000000180001010 f   FLWSim_sfun.obj
 0001:00000020       load_FLWSim_optimization_info 0000000180001020 f   FLWSim_sfun.obj
 0001:000000d0       unload_FLWSim_optimization_info 00000001800010d0 f   FLWSim_sfun.obj
 0001:00000100       sf_FLWSim_method_dispatcher 0000000180001100 f   FLWSim_sfun.obj
 0001:00000170       sf_FLWSim_process_check_sum_call 0000000180001170 f   FLWSim_sfun.obj
 0001:00000680       sf_FLWSim_autoinheritance_info 0000000180001680 f   FLWSim_sfun.obj
 0001:000008c0       sf_FLWSim_get_eml_resolved_functions_info 00000001800018c0 f   FLWSim_sfun.obj
 0001:00000b00       sf_FLWSim_third_party_uses_info 0000000180001b00 f   FLWSim_sfun.obj
 0001:00000d00       sf_FLWSim_jit_fallback_info 0000000180001d00 f   FLWSim_sfun.obj
 0001:00000f00       sf_FLWSim_updateBuildInfo_args_info 0000000180001f00 f   FLWSim_sfun.obj
 0001:00001100       FLWSim_debug_initialize    0000000180002100 f   FLWSim_sfun.obj
 0001:00001180       FLWSim_register_exported_symbols 0000000180002180 f   FLWSim_sfun.obj
 0001:00001190       sf_c1_FLWSim_get_eml_resolved_functions_info 0000000180002190 f   c1_FLWSim.obj
 0001:00001230       sf_c1_FLWSim_get_check_sum 0000000180002230 f   c1_FLWSim.obj
 0001:00001300       c1_FLWSim_method_dispatcher 0000000180002300 f   c1_FLWSim.obj
 0001:000071b0       sf_c1_FLWSim_get_post_codegen_info 00000001800081b0 f   c1_FLWSim.obj
 0001:00007280       sf_c1_FLWSim_get_autoinheritance_info 0000000180008280 f   c1_FLWSim.obj
 0001:000079d0       sf_c1_FLWSim_third_party_uses_info 00000001800089d0 f   c1_FLWSim.obj
 0001:00007a00       sf_c1_FLWSim_jit_fallback_info 0000000180008a00 f   c1_FLWSim.obj
 0001:00007b90       sf_c1_FLWSim_updateBuildInfo_args_info 0000000180008b90 f   c1_FLWSim.obj
 0001:00008820       sf_c2_FLWSim_get_eml_resolved_functions_info 0000000180009820 f   c2_FLWSim.obj
 0001:000088d0       sf_c2_FLWSim_get_check_sum 00000001800098d0 f   c2_FLWSim.obj
 0001:000089a0       c2_FLWSim_method_dispatcher 00000001800099a0 f   c2_FLWSim.obj
 0001:0000fa00       sf_c2_FLWSim_get_post_codegen_info 0000000180010a00 f   c2_FLWSim.obj
 0001:0000fad0       sf_c2_FLWSim_get_autoinheritance_info 0000000180010ad0 f   c2_FLWSim.obj
 0001:00010220       sf_c2_FLWSim_third_party_uses_info 0000000180011220 f   c2_FLWSim.obj
 0001:00010250       sf_c2_FLWSim_jit_fallback_info 0000000180011250 f   c2_FLWSim.obj
 0001:000103e0       sf_c2_FLWSim_updateBuildInfo_args_info 00000001800113e0 f   c2_FLWSim.obj
 0001:00011120       mexFunction                0000000180012120 f   FLWSim_sfun_registry.obj
 0001:000136e0       _ssSetInputPortDirectFeedThroughFcn 00000001800146e0 f   FLWSim_sfun_registry.obj
 0001:00013850       _ssGetInputPortSignalPtrsFcn 0000000180014850 f   FLWSim_sfun_registry.obj
 0001:00013be0       _ssGetInputPortSignalFcn   0000000180014be0 f   FLWSim_sfun_registry.obj
 0001:00013f70       _ssSetInputPortReusableFcn 0000000180014f70 f   FLWSim_sfun_registry.obj
 0001:00014070       _ssSetOutputPortReusableFcn 0000000180015070 f   FLWSim_sfun_registry.obj
 0001:00014170       _ssSetSymbolicDimsSupport  0000000180015170 f   FLWSim_sfun_registry.obj
 0001:000141e0       _ssRegisterSymbolicDimsExpr 00000001800151e0 f   FLWSim_sfun_registry.obj
 0001:00014260       _ssRegisterSymbolicDims    0000000180015260 f   FLWSim_sfun_registry.obj
 0001:00014300       _ssRegisterSymbolicDimsString 0000000180015300 f   FLWSim_sfun_registry.obj
 0001:00014380       _ssRegisterSymbolicDimsIntValue 0000000180015380 f   FLWSim_sfun_registry.obj
 0001:000143f0       _ssRegisterSymbolicDimsPlus 00000001800153f0 f   FLWSim_sfun_registry.obj
 0001:00014470       _ssRegisterSymbolicDimsMinus 0000000180015470 f   FLWSim_sfun_registry.obj
 0001:000144f0       _ssRegisterSymbolicDimsMultiply 00000001800154f0 f   FLWSim_sfun_registry.obj
 0001:00014570       _ssRegisterSymbolicDimsDivide 0000000180015570 f   FLWSim_sfun_registry.obj
 0001:000145f0       _ssGetNumSymbolicDims      00000001800155f0 f   FLWSim_sfun_registry.obj
 0001:00014660       _ssGetSymbolicDim          0000000180015660 f   FLWSim_sfun_registry.obj
 0001:000146e0       _ssSetInputPortSymbolicDimsId 00000001800156e0 f   FLWSim_sfun_registry.obj
 0001:00014750       _ssGetCompInputPortSymbolicDimsId 0000000180015750 f   FLWSim_sfun_registry.obj
 0001:000147c0       _ssSetCompInputPortSymbolicDimsId 00000001800157c0 f   FLWSim_sfun_registry.obj
 0001:00014830       _ssSetOutputPortSymbolicDimsId 0000000180015830 f   FLWSim_sfun_registry.obj
 0001:000148a0       _ssGetCompOutputPortSymbolicDimsId 00000001800158a0 f   FLWSim_sfun_registry.obj
 0001:00014910       _ssSetCompOutputPortSymbolicDimsId 0000000180015910 f   FLWSim_sfun_registry.obj
 0001:00014980       _ssSetCompDWorkSymbolicDimsId 0000000180015980 f   FLWSim_sfun_registry.obj
 0001:000149f0       ssGetIsZeroCrossControlDisabled 00000001800159f0 f   FLWSim_sfun_registry.obj
 0001:00014a60       ssSetIsInputPortUsedForContZcSignal 0000000180015a60 f   FLWSim_sfun_registry.obj
 0001:00014ad0       ssSetZcSignalIsZcElementDisc 0000000180015ad0 f   FLWSim_sfun_registry.obj
 0001:00014b80       ssSetZcSignalName          0000000180015b80 f   FLWSim_sfun_registry.obj
 0001:00014bf0       ssSetZcSignalWidth         0000000180015bf0 f   FLWSim_sfun_registry.obj
 0001:00014c60       ssSetZcSignalZcEventType   0000000180015c60 f   FLWSim_sfun_registry.obj
 0001:00014cd0       ssSetZcSignalType          0000000180015cd0 f   FLWSim_sfun_registry.obj
 0001:00014d40       ssSetZcSignalZcTol         0000000180015d40 f   FLWSim_sfun_registry.obj
 0001:00014db0       ssSetZcSignalNeedsEventNotification 0000000180015db0 f   FLWSim_sfun_registry.obj
 0001:00014e20       ssCreateAndAddZcSignalInfo 0000000180015e20 f   FLWSim_sfun_registry.obj
 0001:00014e90       ssCloneAndAddZcSignalInfo  0000000180015e90 f   FLWSim_sfun_registry.obj
 0001:00014f00       ssGetNumZcSignals          0000000180015f00 f   FLWSim_sfun_registry.obj
 0001:00014f70       ssGetZcSignalVector        0000000180015f70 f   FLWSim_sfun_registry.obj
 0001:00014fe0       ssGetZcSignalName          0000000180015fe0 f   FLWSim_sfun_registry.obj
 0001:00015050       ssGetZcSignalWidth         0000000180016050 f   FLWSim_sfun_registry.obj
 0001:000150c0       ssGetZcSignalZcEventType   00000001800160c0 f   FLWSim_sfun_registry.obj
 0001:00015130       ssGetZcSignalZcEvents      0000000180016130 f   FLWSim_sfun_registry.obj
 0001:000151a0       ssGetZcSignalType          00000001800161a0 f   FLWSim_sfun_registry.obj
 0001:00015210       ssGetZcSignalZcTol         0000000180016210 f   FLWSim_sfun_registry.obj
 0001:00015290       ssGetZcSignalNeedsEventNotification 0000000180016290 f   FLWSim_sfun_registry.obj
 0001:00015300       ssGetZcSignalIsZcElementDisc 0000000180016300 f   FLWSim_sfun_registry.obj
 0001:000153a0       ssGetIsInputPortElementContinuous 00000001800163a0 f   FLWSim_sfun_registry.obj
 0001:00015440       _ssSetIWorkValueFcn        0000000180016440 f   FLWSim_sfun_registry.obj
 0001:000154c0       _ssGetIWorkValueFcn        00000001800164c0 f   FLWSim_sfun_registry.obj
 0001:00015530       _ssSetRWorkValueFcn        0000000180016530 f   FLWSim_sfun_registry.obj
 0001:000155b0       _ssGetRWorkValueFcn        00000001800165b0 f   FLWSim_sfun_registry.obj
 0001:00015620       _ssSetPWorkValueFcn        0000000180016620 f   FLWSim_sfun_registry.obj
 0001:000156a0       _ssGetPWorkValueFcn        00000001800166a0 f   FLWSim_sfun_registry.obj
 0001:00015710       ssGetDTypeIdFromMxArray    0000000180016710 f   FLWSim_sfun_registry.obj
 0001:00015830       ssWriteRTWStr              0000000180016830 f   FLWSim_sfun_registry.obj
 0001:00015890       ssWriteRTWNameValuePair    0000000180016890 f   FLWSim_sfun_registry.obj
 0001:00015d90       ssWriteRTWParamSettings    0000000180016d90 f   FLWSim_sfun_registry.obj
 0001:00016480       ssWriteRTWParameters       0000000180017480 f   FLWSim_sfun_registry.obj
 0001:00016a40       ssWriteRTWWorkVect         0000000180017a40 f   FLWSim_sfun_registry.obj
 0001:00016fa0       ssWriteRTWMxVectParam      0000000180017fa0 f   FLWSim_sfun_registry.obj
 0001:00017020       ssWriteRTWMx2dMatParam     0000000180018020 f   FLWSim_sfun_registry.obj
 0001:000170b0       _ssSetInputPortMatrixDimensions 00000001800180b0 f   FLWSim_sfun_registry.obj
 0001:000171d0       _ssSetOutputPortMatrixDimensions 00000001800181d0 f   FLWSim_sfun_registry.obj
 0001:000172f0       _ssSetInputPortVectorDimension 00000001800182f0 f   FLWSim_sfun_registry.obj
 0001:000173a0       _ssSetOutputPortVectorDimension 00000001800183a0 f   FLWSim_sfun_registry.obj
 0001:00017450       ssIsRunTimeParamTunable    0000000180018450 f   FLWSim_sfun_registry.obj
 0001:000174c0       ssGetSFuncBlockHandle      00000001800184c0 f   FLWSim_sfun_registry.obj
 0001:00017530       _ssGetCurrentInputPortWidth 0000000180018530 f   FLWSim_sfun_registry.obj
 0001:00017650       _ssGetCurrentOutputPortWidth 0000000180018650 f   FLWSim_sfun_registry.obj
 0001:00017770       _ssGetCallSystemNumFcnCallDestinations 0000000180018770 f   FLWSim_sfun_registry.obj
 0001:000177e0       ssGetParameterTuningCompliance 00000001800187e0 f   FLWSim_sfun_registry.obj
 0001:00017850       ssWarning                  0000000180018850 f   FLWSim_sfun_registry.obj
 0001:00017940       _ssGetAbsTol               0000000180018940 f   FLWSim_sfun_registry.obj
 0001:000179b0       _ssSetStateAbsTol          00000001800189b0 f   FLWSim_sfun_registry.obj
 0001:00017a90       sf_process_check_sum_call  0000000180018a90 f   FLWSim_sfun_registry.obj
 0001:00017ae0       sf_process_autoinheritance_call 0000000180018ae0 f   FLWSim_sfun_registry.obj
 0001:00017d10       sf_process_get_third_party_uses_info_call 0000000180018d10 f   FLWSim_sfun_registry.obj
 0001:00017f40       sf_process_get_jit_fallback_info_call 0000000180018f40 f   FLWSim_sfun_registry.obj
 0001:00018170       sf_process_get_updateBuildInfo_args_info_call 0000000180019170 f   FLWSim_sfun_registry.obj
 0001:000183a0       sf_process_get_eml_resolved_functions_info_call 00000001800193a0 f   FLWSim_sfun_registry.obj
 0001:000185d0       sf_mex_unlock_call         00000001800195d0 f   FLWSim_sfun_registry.obj
 0001:00018870       sf_machine_global_initializer_called 0000000180019870 f   FLWSim_sfun_registry.obj
 0001:000188a0       sf_machine_global_method_dispatcher 00000001800198a0 f   FLWSim_sfun_registry.obj
 0001:00018900       sf_machine_global_terminator 0000000180019900 f   FLWSim_sfun_registry.obj
 0001:00018950       sf_register_machine_exported_symbols 0000000180019950 f   FLWSim_sfun_registry.obj
 0001:00018970       callCustomFcn              0000000180019970 f   FLWSim_sfun_registry.obj
 0001:00018980       sf_machine_global_initializer 0000000180019980 f   FLWSim_sfun_registry.obj
 0001:00018a00       mdlGetSimState             0000000180019a00 f   FLWSim_sfun_registry.obj
 0001:00018a40       mdlSetSimState             0000000180019a40 f   FLWSim_sfun_registry.obj
 0001:000192b0       ProcessMexSfunctionEveryCall 000000018001a2b0 f   FLWSim_sfun_registry.obj
 0001:0001a310       __local_stdio_printf_options 000000018001b310 f i FLWSim_sfun_registry.obj
 0001:0001a320       _vsnprintf_l               000000018001b320 f i FLWSim_sfun_registry.obj
 0001:0001a3a0       _vsprintf_l                000000018001b3a0 f i FLWSim_sfun_registry.obj
 0001:0001a3f0       sprintf                    000000018001b3f0 f i FLWSim_sfun_registry.obj
 0001:0001a440       mexfilerequiredapiversion  000000018001b440 f   c_mexapi_version.obj
 0001:0001a470       CoriolisTerm_src           000000018001b470 f   CoriolisTerm_src.obj
 0001:00023000       Cos                        0000000180024000 f i CoriolisTerm_src.obj
 0001:00023020       Power                      0000000180024020 f i CoriolisTerm_src.obj
 0001:00023050       Sin                        0000000180024050 f i CoriolisTerm_src.obj
 0001:00023070       GravityVector_src          0000000180024070 f   GravityVector_src.obj
 0001:00023820       InertiaMatrix_src          0000000180024820 f   InertiaMatrix_src.obj
 0001:00025990       AMBody_LeftShin_src        0000000180026990 f   AMBody_LeftShin_src.obj
 0001:00025a80       AMBody_LeftThigh_src       0000000180026a80 f   AMBody_LeftThigh_src.obj
 0001:00025b50       AMBody_RightShin_src       0000000180026b50 f   AMBody_RightShin_src.obj
 0001:00025c40       AMBody_RightThigh_src      0000000180026c40 f   AMBody_RightThigh_src.obj
 0001:00025d10       AMBody_Torso_src           0000000180026d10 f   AMBody_torso_src.obj
 0001:00025dd0       AMWorld_LeftShin_src       0000000180026dd0 f   AMWorld_LeftShin_src.obj
 0001:00025ec0       AMWorld_LeftThigh_src      0000000180026ec0 f   AMWorld_LeftThigh_src.obj
 0001:00025f90       AMWorld_RightShin_src      0000000180026f90 f   AMWorld_RightShin_src.obj
 0001:00026080       AMWorld_RightThigh_src     0000000180027080 f   AMWorld_RightThigh_src.obj
 0001:00026150       AMWorld_Torso_src          0000000180027150 f   AMWorld_torso_src.obj
 0001:00026210       dJb_Head_src               0000000180027210 f   dJb_Head_src.obj
 0001:000266b0       dJb_LeftHip_src            00000001800276b0 f   dJb_LeftHip_src.obj
 0001:00026d60       dJb_LeftKnee_src           0000000180027d60 f   dJb_LeftKnee_src.obj
 0001:000279d0       dJb_LeftShin_src           00000001800289d0 f   dJb_LeftShin_src.obj
 0001:00028890       dJb_LeftThigh_src          0000000180029890 f   dJb_LeftThigh_src.obj
 0001:00028f40       dJb_LeftToe_src            0000000180029f40 f   dJb_LeftToe_src.obj
 0001:00029e10       dJb_RightHip_src           000000018002ae10 f   dJb_RightHip_src.obj
 0001:0002a4c0       dJb_RightKnee_src          000000018002b4c0 f   dJb_RightKnee_src.obj
 0001:0002b130       dJb_RightShin_src          000000018002c130 f   dJb_RightShin_src.obj
 0001:0002bff0       dJb_RightThigh_src         000000018002cff0 f   dJb_RightThigh_src.obj
 0001:0002c6a0       dJb_RightToe_src           000000018002d6a0 f   dJb_RightToe_src.obj
 0001:0002d570       dJb_Torso_src              000000018002e570 f   dJb_torso_src.obj
 0001:0002da10       dJp_COM_src                000000018002ea10 f   dJp_COM_src.obj
 0001:0002ee60       dJp_Head_src               000000018002fe60 f   dJp_Head_src.obj
 0001:0002f100       dJp_LeftHip_src            0000000180030100 f   dJp_LeftHip_src.obj
 0001:0002f320       dJp_LeftKnee_src           0000000180030320 f   dJp_LeftKnee_src.obj
 0001:0002fd60       dJp_LeftShin_src           0000000180030d60 f   dJp_LeftShin_src.obj
 0001:000307a0       dJp_LeftThigh_src          00000001800317a0 f   dJp_LeftThigh_src.obj
 0001:00030c10       dJp_LeftToe_src            0000000180031c10 f   dJp_LeftToe_src.obj
 0001:00031650       dJp_RightHip_src           0000000180032650 f   dJp_RightHip_src.obj
 0001:00031870       dJp_RightKnee_src          0000000180032870 f   dJp_RightKnee_src.obj
 0001:000322b0       dJp_RightShin_src          00000001800332b0 f   dJp_RightShin_src.obj
 0001:00032cf0       dJp_RightThigh_src         0000000180033cf0 f   dJp_RightThigh_src.obj
 0001:00033160       dJp_RightToe_src           0000000180034160 f   dJp_RightToe_src.obj
 0001:00033ba0       dJp_Torso_src              0000000180034ba0 f   dJp_torso_src.obj
 0001:00033e40       dJs_Head_src               0000000180034e40 f   dJs_Head_src.obj
 0001:00034260       dJs_LeftHip_src            0000000180035260 f   dJs_LeftHip_src.obj
 0001:000346a0       dJs_LeftKnee_src           00000001800356a0 f   dJs_LeftKnee_src.obj
 0001:00034d30       dJs_LeftShin_src           0000000180035d30 f   dJs_LeftShin_src.obj
 0001:000353c0       dJs_LeftThigh_src          00000001800363c0 f   dJs_LeftThigh_src.obj
 0001:00035800       dJs_LeftToe_src            0000000180036800 f   dJs_LeftToe_src.obj
 0001:00035e90       dJs_RightHip_src           0000000180036e90 f   dJs_RightHip_src.obj
 0001:000362d0       dJs_RightKnee_src          00000001800372d0 f   dJs_RightKnee_src.obj
 0001:00036960       dJs_RightShin_src          0000000180037960 f   dJs_RightShin_src.obj
 0001:00036ff0       dJs_RightThigh_src         0000000180037ff0 f   dJs_RightThigh_src.obj
 0001:00037430       dJs_RightToe_src           0000000180038430 f   dJs_RightToe_src.obj
 0001:00037ac0       dJs_Torso_src              0000000180038ac0 f   dJs_torso_src.obj
 0001:00037ee0       dR_Head_src                0000000180038ee0 f   dR_Head_src.obj
 0001:000380a0       dR_LeftHip_src             00000001800390a0 f   dR_LeftHip_src.obj
 0001:00038410       dR_LeftKnee_src            0000000180039410 f   dR_LeftKnee_src.obj
 0001:00038a10       dR_LeftShin_src            0000000180039a10 f   dR_LeftShin_src.obj
 0001:00039010       dR_LeftThigh_src           000000018003a010 f   dR_LeftThigh_src.obj
 0001:00039380       dR_LeftToe_src             000000018003a380 f   dR_LeftToe_src.obj
 0001:00039980       dR_RightHip_src            000000018003a980 f   dR_RightHip_src.obj
 0001:00039cf0       dR_RightKnee_src           000000018003acf0 f   dR_RightKnee_src.obj
 0001:0003a2f0       dR_RightShin_src           000000018003b2f0 f   dR_RightShin_src.obj
 0001:0003a8f0       dR_RightThigh_src          000000018003b8f0 f   dR_RightThigh_src.obj
 0001:0003ac60       dR_RightToe_src            000000018003bc60 f   dR_RightToe_src.obj
 0001:0003b260       dR_Torso_src               000000018003c260 f   dR_torso_src.obj
 0001:0003b420       dT_Head_src                000000018003c420 f   dT_Head_src.obj
 0001:0003b6f0       dT_LeftHip_src             000000018003c6f0 f   dT_LeftHip_src.obj
 0001:0003bb40       dT_LeftKnee_src            000000018003cb40 f   dT_LeftKnee_src.obj
 0001:0003c4e0       dT_LeftShin_src            000000018003d4e0 f   dT_LeftShin_src.obj
 0001:0003ce80       dT_LeftThigh_src           000000018003de80 f   dT_LeftThigh_src.obj
 0001:0003d370       dT_LeftToe_src             000000018003e370 f   dT_LeftToe_src.obj
 0001:0003dd10       dT_RightHip_src            000000018003ed10 f   dT_RightHip_src.obj
 0001:0003e160       dT_RightKnee_src           000000018003f160 f   dT_RightKnee_src.obj
 0001:0003eb00       dT_RightShin_src           000000018003fb00 f   dT_RightShin_src.obj
 0001:0003f4a0       dT_RightThigh_src          00000001800404a0 f   dT_RightThigh_src.obj
 0001:0003f990       dT_RightToe_src            0000000180040990 f   dT_RightToe_src.obj
 0001:00040330       dT_Torso_src               0000000180041330 f   dT_torso_src.obj
 0001:00040600       Inertia_LeftShin_src       0000000180041600 f   Inertia_LeftShin_src.obj
 0001:00040710       Inertia_LeftThigh_src      0000000180041710 f   Inertia_LeftThigh_src.obj
 0001:00040820       Inertia_RightShin_src      0000000180041820 f   Inertia_RightShin_src.obj
 0001:00040930       Inertia_RightThigh_src     0000000180041930 f   Inertia_RightThigh_src.obj
 0001:00040a40       Inertia_Torso_src          0000000180041a40 f   Inertia_torso_src.obj
 0001:00040b50       Jb_Head_src                0000000180041b50 f   Jb_Head_src.obj
 0001:00040fb0       Jb_LeftHip_src             0000000180041fb0 f   Jb_LeftHip_src.obj
 0001:000414a0       Jb_LeftKnee_src            00000001800424a0 f   Jb_LeftKnee_src.obj
 0001:00041cb0       Jb_LeftShin_src            0000000180042cb0 f   Jb_LeftShin_src.obj
 0001:00042560       Jb_LeftThigh_src           0000000180043560 f   Jb_LeftThigh_src.obj
 0001:00042ad0       Jb_LeftToe_src             0000000180043ad0 f   Jb_LeftToe_src.obj
 0001:00043380       Jb_RightHip_src            0000000180044380 f   Jb_RightHip_src.obj
 0001:00043870       Jb_RightKnee_src           0000000180044870 f   Jb_RightKnee_src.obj
 0001:00044080       Jb_RightShin_src           0000000180045080 f   Jb_RightShin_src.obj
 0001:00044930       Jb_RightThigh_src          0000000180045930 f   Jb_RightThigh_src.obj
 0001:00044ea0       Jb_RightToe_src            0000000180045ea0 f   Jb_RightToe_src.obj
 0001:00045750       Jb_Torso_src               0000000180046750 f   Jb_torso_src.obj
 0001:00045bb0       Jp_COM_src                 0000000180046bb0 f   Jp_COM_src.obj
 0001:000468c0       Jp_Head_src                00000001800478c0 f   Jp_Head_src.obj
 0001:00046b30       Jp_LeftHip_src             0000000180047b30 f   Jp_LeftHip_src.obj
 0001:00046d50       Jp_LeftKnee_src            0000000180047d50 f   Jp_LeftKnee_src.obj
 0001:00047450       Jp_LeftShin_src            0000000180048450 f   Jp_LeftShin_src.obj
 0001:00047b50       Jp_LeftThigh_src           0000000180048b50 f   Jp_LeftThigh_src.obj
 0001:00047ef0       Jp_LeftToe_src             0000000180048ef0 f   Jp_LeftToe_src.obj
 0001:000485f0       Jp_RightHip_src            00000001800495f0 f   Jp_RightHip_src.obj
 0001:00048810       Jp_RightKnee_src           0000000180049810 f   Jp_RightKnee_src.obj
 0001:00048f10       Jp_RightShin_src           0000000180049f10 f   Jp_RightShin_src.obj
 0001:00049610       Jp_RightThigh_src          000000018004a610 f   Jp_RightThigh_src.obj
 0001:000499b0       Jp_RightToe_src            000000018004a9b0 f   Jp_RightToe_src.obj
 0001:0004a0b0       Jp_Torso_src               000000018004b0b0 f   Jp_torso_src.obj
 0001:0004a320       Js_Head_src                000000018004b320 f   Js_Head_src.obj
 0001:0004a730       Js_LeftHip_src             000000018004b730 f   Js_LeftHip_src.obj
 0001:0004ab70       Js_LeftKnee_src            000000018004bb70 f   Js_LeftKnee_src.obj
 0001:0004b0c0       Js_LeftShin_src            000000018004c0c0 f   Js_LeftShin_src.obj
 0001:0004b610       Js_LeftThigh_src           000000018004c610 f   Js_LeftThigh_src.obj
 0001:0004ba50       Js_LeftToe_src             000000018004ca50 f   Js_LeftToe_src.obj
 0001:0004bfa0       Js_RightHip_src            000000018004cfa0 f   Js_RightHip_src.obj
 0001:0004c3e0       Js_RightKnee_src           000000018004d3e0 f   Js_RightKnee_src.obj
 0001:0004c930       Js_RightShin_src           000000018004d930 f   Js_RightShin_src.obj
 0001:0004ce80       Js_RightThigh_src          000000018004de80 f   Js_RightThigh_src.obj
 0001:0004d2c0       Js_RightToe_src            000000018004e2c0 f   Js_RightToe_src.obj
 0001:0004d810       Js_Torso_src               000000018004e810 f   Js_torso_src.obj
 0001:0004dc20       p_COM_src                  000000018004ec20 f   p_COM_src.obj
 0001:0004e3c0       p_Head_src                 000000018004f3c0 f   p_Head_src.obj
 0001:0004e4d0       p_LeftHip_src              000000018004f4d0 f   p_LeftHip_src.obj
 0001:0004e570       p_LeftKnee_src             000000018004f570 f   p_LeftKnee_src.obj
 0001:0004e900       p_LeftShin_src             000000018004f900 f   p_LeftShin_src.obj
 0001:0004ec90       p_LeftThigh_src            000000018004fc90 f   p_LeftThigh_src.obj
 0001:0004ee10       p_LeftToe_src              000000018004fe10 f   p_LeftToe_src.obj
 0001:0004f1a0       p_RightHip_src             00000001800501a0 f   p_RightHip_src.obj
 0001:0004f240       p_RightKnee_src            0000000180050240 f   p_RightKnee_src.obj
 0001:0004f5d0       p_RightShin_src            00000001800505d0 f   p_RightShin_src.obj
 0001:0004f960       p_RightThigh_src           0000000180050960 f   p_RightThigh_src.obj
 0001:0004fae0       p_RightToe_src             0000000180050ae0 f   p_RightToe_src.obj
 0001:0004fe70       p_Torso_src                0000000180050e70 f   p_torso_src.obj
 0001:0004ff80       R_Head_src                 0000000180050f80 f   R_Head_src.obj
 0001:000500e0       R_LeftHip_src              00000001800510e0 f   R_LeftHip_src.obj
 0001:000502f0       R_LeftKnee_src             00000001800512f0 f   R_LeftKnee_src.obj
 0001:00050640       R_LeftShin_src             0000000180051640 f   R_LeftShin_src.obj
 0001:00050990       R_LeftThigh_src            0000000180051990 f   R_LeftThigh_src.obj
 0001:00050ba0       R_LeftToe_src              0000000180051ba0 f   R_LeftToe_src.obj
 0001:00050ef0       R_RightHip_src             0000000180051ef0 f   R_RightHip_src.obj
 0001:00051100       R_RightKnee_src            0000000180052100 f   R_RightKnee_src.obj
 0001:00051450       R_RightShin_src            0000000180052450 f   R_RightShin_src.obj
 0001:000517a0       R_RightThigh_src           00000001800527a0 f   R_RightThigh_src.obj
 0001:000519b0       R_RightToe_src             00000001800529b0 f   R_RightToe_src.obj
 0001:00051d00       R_Torso_src                0000000180052d00 f   R_torso_src.obj
 0001:00051e60       T_Head_src                 0000000180052e60 f   T_Head_src.obj
 0001:000520a0       T_LeftHip_src              00000001800530a0 f   T_LeftHip_src.obj
 0001:00052370       T_LeftKnee_src             0000000180053370 f   T_LeftKnee_src.obj
 0001:000528f0       T_LeftShin_src             00000001800538f0 f   T_LeftShin_src.obj
 0001:00052e70       T_LeftThigh_src            0000000180053e70 f   T_LeftThigh_src.obj
 0001:000531c0       T_LeftToe_src              00000001800541c0 f   T_LeftToe_src.obj
 0001:00053740       T_RightHip_src             0000000180054740 f   T_RightHip_src.obj
 0001:00053a10       T_RightKnee_src            0000000180054a10 f   T_RightKnee_src.obj
 0001:00053f90       T_RightShin_src            0000000180054f90 f   T_RightShin_src.obj
 0001:00054510       T_RightThigh_src           0000000180055510 f   T_RightThigh_src.obj
 0001:00054860       T_RightToe_src             0000000180055860 f   T_RightToe_src.obj
 0001:00054de0       T_Torso_src                0000000180055de0 f   T_torso_src.obj
 0001:0005501a       sf_load_rtw_optimization_info 000000018005601a f   sf_runtime:sf_runtime.dll
 0001:00055020       sf_debug_initialize_machine 0000000180056020 f   sf_runtime:sf_runtime.dll
 0001:00055026       sf_debug_set_machine_event_thresholds 0000000180056026 f   sf_runtime:sf_runtime.dll
 0001:0005502c       sf_debug_set_machine_data_thresholds 000000018005602c f   sf_runtime:sf_runtime.dll
 0001:00055032       sf_init_ChartRunTimeInfo   0000000180056032 f   sf_runtime:sf_runtime.dll
 0001:00055038       sf_free_ChartRunTimeInfo   0000000180056038 f   sf_runtime:sf_runtime.dll
 0001:0005503e       sfrtGetEmlrtCtx            000000018005603e f   sf_runtime:sf_runtime.dll
 0001:00055044       sf_get_chart_instance_ptr  0000000180056044 f   sf_runtime:sf_runtime.dll
 0001:0005504a       sf_rtw_info_uint_prop      000000018005604a f   sf_runtime:sf_runtime.dll
 0001:00055050       sf_update_buildInfo        0000000180056050 f   sf_runtime:sf_runtime.dll
 0001:00055056       sf_is_chart_inlinable      0000000180056056 f   sf_runtime:sf_runtime.dll
 0001:0005505c       sf_mark_chart_reusable_outputs 000000018005605c f   sf_runtime:sf_runtime.dll
 0001:00055062       sf_mark_chart_expressionable_inputs 0000000180056062 f   sf_runtime:sf_runtime.dll
 0001:00055068       sim_mode_is_rtw_gen        0000000180056068 f   sf_runtime:sf_runtime.dll
 0001:0005506e       sim_mode_is_external       000000018005606e f   sf_runtime:sf_runtime.dll
 0001:00055074       sim_mode_is_modelref_sim   0000000180056074 f   sf_runtime:sf_runtime.dll
 0001:0005507a       sf_clear_rtw_identifier    000000018005607a f   sf_runtime:sf_runtime.dll
 0001:00055080       sf_set_rtw_dwork_info      0000000180056080 f   sf_runtime:sf_runtime.dll
 0001:00055086       sf_get_time                0000000180056086 f   sf_runtime:sf_runtime.dll
 0001:0005508c       sf_is_first_init_cond      000000018005608c f   sf_runtime:sf_runtime.dll
 0001:00055092       sf_set_chart_accesses_machine_info 0000000180056092 f   sf_runtime:sf_runtime.dll
 0001:00055098       sf_register_codegen_names_for_scoped_functions_defined_by_chart 0000000180056098 f   sf_runtime:sf_runtime.dll
 0001:0005509e       ssSetBlockIsPurelyCombinatorial_wrapper 000000018005609e f   sf_runtime:sf_runtime.dll
 0001:000550a4       sf_mex_error_message       00000001800560a4 f   sf_runtime:sf_runtime.dll
 0001:000550aa       sf_mex_create              00000001800560aa f   sf_runtime:sf_runtime.dll
 0001:000550b0       sf_mex_createcellmatrix    00000001800560b0 f   sf_runtime:sf_runtime.dll
 0001:000550b6       sf_mex_setcell             00000001800560b6 f   sf_runtime:sf_runtime.dll
 0001:000550bc       sf_mex_getcell             00000001800560bc f   sf_runtime:sf_runtime.dll
 0001:000550c2       sf_mex_assign              00000001800560c2 f   sf_runtime:sf_runtime.dll
 0001:000550c8       sf_mex_dup                 00000001800560c8 f   sf_runtime:sf_runtime.dll
 0001:000550ce       sf_mex_destroy             00000001800560ce f   sf_runtime:sf_runtime.dll
 0001:000550d4       sf_mex_import              00000001800560d4 f   sf_runtime:sf_runtime.dll
 0001:000550da       sf_mex_decode_encoded_mx_struct_array 00000001800560da f   sf_runtime:sf_runtime.dll
 0001:000550e0       ssGetInputPortSignal_wrapper 00000001800560e0 f   sf_runtime:sf_runtime.dll
 0001:000550e6       ssGetOutputPortSignal_wrapper 00000001800560e6 f   sf_runtime:sf_runtime.dll
 0001:000550ec       sf_debug_initialize_chart  00000001800560ec f   sf_runtime:sf_runtime.dll
 0001:000550f2       sf_debug_call              00000001800560f2 f   sf_runtime:sf_runtime.dll
 0001:000550f8       eml_debug_line_call        00000001800560f8 f   sf_runtime:sf_runtime.dll
 0001:000550fe       cv_eml_eval                00000001800560fe f   sf_runtime:sf_runtime.dll
 0001:00055104       cv_eval_relational         0000000180056104 f   sf_runtime:sf_runtime.dll
 0001:0005510a       cv_eml_init_script         000000018005610a f   sf_runtime:sf_runtime.dll
 0001:00055110       cv_eml_init_fcn            0000000180056110 f   sf_runtime:sf_runtime.dll
 0001:00055116       cv_eml_init_if             0000000180056116 f   sf_runtime:sf_runtime.dll
 0001:0005511c       cv_eml_init_relational     000000018005611c f   sf_runtime:sf_runtime.dll
 0001:00055122       cv_script_eval             0000000180056122 f   sf_runtime:sf_runtime.dll
 0001:00055128       cv_script_init_script      0000000180056128 f   sf_runtime:sf_runtime.dll
 0001:0005512e       cv_script_init_fcn         000000018005612e f   sf_runtime:sf_runtime.dll
 0001:00055134       cv_script_init_if          0000000180056134 f   sf_runtime:sf_runtime.dll
 0001:0005513a       sf_debug_reset_current_state_configuration 000000018005613a f   sf_runtime:sf_runtime.dll
 0001:00055140       sf_debug_check_for_state_inconsistency 0000000180056140 f   sf_runtime:sf_runtime.dll
 0001:00055146       sf_debug_set_chart_data_props 0000000180056146 f   sf_runtime:sf_runtime.dll
 0001:0005514c       sf_debug_set_chart_data_compiled_props 000000018005614c f   sf_runtime:sf_runtime.dll
 0001:00055152       sf_debug_symbol_scope_push 0000000180056152 f   sf_runtime:sf_runtime.dll
 0001:00055158       sf_debug_symbol_scope_push_eml 0000000180056158 f   sf_runtime:sf_runtime.dll
 0001:0005515e       sf_debug_symbol_scope_pop  000000018005615e f   sf_runtime:sf_runtime.dll
 0001:00055164       sf_debug_symbol_scope_add_eml 0000000180056164 f   sf_runtime:sf_runtime.dll
 0001:0005516a       sf_debug_symbol_scope_add_eml_importable 000000018005616a f   sf_runtime:sf_runtime.dll
 0001:00055170       sf_debug_set_instance_data_value_ptr 0000000180056170 f   sf_runtime:sf_runtime.dll
 0001:00055176       sf_debug_set_chart_disable_implicit_casting 0000000180056176 f   sf_runtime:sf_runtime.dll
 0001:0005517c       sf_debug_set_chart_event_thresholds 000000018005617c f   sf_runtime:sf_runtime.dll
 0001:00055182       sf_debug_set_chart_state_info 0000000180056182 f   sf_runtime:sf_runtime.dll
 0001:00055188       sf_debug_set_chart_decomposition 0000000180056188 f   sf_runtime:sf_runtime.dll
 0001:0005518e       sf_debug_set_chart_substate_count 000000018005618e f   sf_runtime:sf_runtime.dll
 0001:00055194       sf_debug_data_range_wrapper 0000000180056194 f   sf_runtime:sf_runtime.dll
 0001:0005519a       sf_debug_cv_init_trans     000000018005619a f   sf_runtime:sf_runtime.dll
 0001:000551a0       sf_debug_cv_init_chart     00000001800561a0 f   sf_runtime:sf_runtime.dll
 0001:000551a6       sf_debug_cv_init_state     00000001800561a6 f   sf_runtime:sf_runtime.dll
 0001:000551ac       sf_debug_get_script_id     00000001800561ac f   sf_runtime:sf_runtime.dll
 0001:000551b2       sf_debug_set_script_translation 00000001800561b2 f   sf_runtime:sf_runtime.dll
 0001:000551b8       sf_mex_call_debug          00000001800561b8 f   sf_runtime:sf_runtime.dll
 0001:000551be       sf_get_ChartInfoStruct_CodeGen 00000001800561be f   sf_runtime:sf_runtime.dll
 0001:000551c4       sf_get_hasSeparateUpdateOutputs 00000001800561c4 f   sf_runtime:sf_runtime.dll
 0001:000551ca       callMdlMethodAndReportError 00000001800561ca f   sf_runtime:sf_runtime.dll
 0001:000551d0       call_sf_machine_global_method_dispatcher 00000001800561d0 f   sf_runtime:sf_runtime.dll
 0001:000551d6       getRuntimeInstanceInfoAsVoid 00000001800561d6 f   sf_runtime:sf_runtime.dll
 0001:000551dc       sf_mex_error_direct_call   00000001800561dc f   sf_runtime:sf_runtime.dll
 0001:000551e2       sf_clear_error_manager_info 00000001800561e2 f   sf_runtime:sf_runtime.dll
 0001:000551e8       sf_debug_create_debug_instance_struct 00000001800561e8 f   sf_runtime:sf_runtime.dll
 0001:000551ee       sf_debug_terminate         00000001800561ee f   sf_runtime:sf_runtime.dll
 0001:000551f4       sf_debug_api               00000001800561f4 f   sf_runtime:sf_runtime.dll
 0001:000551fa       mxIsChar                   00000001800561fa f   libmx:libmx.dll
 0001:00055200       mxGetPr                    0000000180056200 f   libmx:libmx.dll
 0001:00055206       mxGetScalar                0000000180056206 f   libmx:libmx.dll
 0001:0005520c       mxDestroyArray             000000018005620c f   libmx:libmx.dll
 0001:00055212       mxCreateDoubleMatrix_730   0000000180056212 f   libmx:libmx.dll
 0001:00055218       mxGetString_730            0000000180056218 f   libmx:libmx.dll
 0001:0005521e       mxDuplicateArray           000000018005621e f   libmx:libmx.dll
 0001:00055224       mxSetField_730             0000000180056224 f   libmx:libmx.dll
 0001:0005522a       mxCreateDoubleScalar       000000018005622a f   libmx:libmx.dll
 0001:00055230       mxCreateString             0000000180056230 f   libmx:libmx.dll
 0001:00055236       mxCreateCellMatrix_730     0000000180056236 f   libmx:libmx.dll
 0001:0005523c       mxCreateCellArray_730      000000018005623c f   libmx:libmx.dll
 0001:00055242       mxCreateStructMatrix_730   0000000180056242 f   libmx:libmx.dll
 0001:00055248       mxCreateStructArray_730    0000000180056248 f   libmx:libmx.dll
 0001:0005524e       mxGetNaN                   000000018005624e f   libmx:libmx.dll
 0001:00055254       mxCalloc                   0000000180056254 f   libmx:libmx.dll
 0001:0005525a       mxGetM                     000000018005625a f   libmx:libmx.dll
 0001:00055260       mxGetClassID               0000000180056260 f   libmx:libmx.dll
 0001:00055266       mxIsNumeric                0000000180056266 f   libmx:libmx.dll
 0001:0005526c       mxIsComplex                000000018005626c f   libmx:libmx.dll
 0001:00055272       mxGetN                     0000000180056272 f   libmx:libmx.dll
 0001:00055278       mexMakeArrayPersistent     0000000180056278 f   libmex:libmex.dll
 0001:0005527e       mexErrMsgTxt               000000018005627e f   libmex:libmex.dll
 0001:00055284       mexWarnMsgTxt              0000000180056284 f   libmex:libmex.dll
 0001:0005528a       mexCallMATLABWithObject    000000018005628a f   libmex:libmex.dll
 0001:00055290       mexLock                    0000000180056290 f   libmex:libmex.dll
 0001:00055296       mexUnlock                  0000000180056296 f   libmex:libmex.dll
 0001:0005529c       mexIsLocked                000000018005629c f   libmex:libmex.dll
 0001:000552a2       utMalloc                   00000001800562a2 f   libut:libut.dll
 0001:000552a8       utFree                     00000001800562a8 f   libut:libut.dll
 0001:000552ae       muDoubleScalarIsNaN        00000001800562ae f   libmwmathutil:libmwmathutil.dll
 0001:000552b4       muDoubleScalarAbs          00000001800562b4 f   libmwmathutil:libmwmathutil.dll
 0001:000552ba       emlrtNameCaptureMxArrayR2016a 00000001800562ba f   libemlrt:libemlrt.dll
 0001:000552c0       __raise_securityfailure    00000001800562c0 f   MSVCRT:gs_report.obj
 0001:000552f4       __report_gsfailure         00000001800562f4 f   MSVCRT:gs_report.obj
 0001:000553c8       __report_rangecheckfailure 00000001800563c8 f   MSVCRT:gs_report.obj
 0001:000553dc       __report_securityfailure   00000001800563dc f   MSVCRT:gs_report.obj
 0001:00055478       __report_securityfailureEx 0000000180056478 f   MSVCRT:gs_report.obj
 0001:0005566c       __GSHandlerCheck           000000018005666c f   MSVCRT:_gshandler_.obj
 0001:0005568c       __GSHandlerCheckCommon     000000018005668c f   MSVCRT:_gshandler_.obj
 0001:00055700       __security_check_cookie    0000000180056700 f   MSVCRT:_amdsecgs_.obj
 0001:00055740       _alloca_probe              0000000180056740 f   MSVCRT:_chkstk_.obj
 0001:00055740       __chkstk                   0000000180056740 f   MSVCRT:_chkstk_.obj
 0001:00055ae0       _CRT_INIT                  0000000180056ae0 f   MSVCRT:dll_dllmain.obj
 0001:00055ae8       _DllMainCRTStartup         0000000180056ae8 f   MSVCRT:dll_dllmain.obj
 0001:00055b28       ??$__crt_fast_decode_pointer@PEAP6AXXZ@@YAPEAP6AXXZQEAP6AXXZ@Z 0000000180056b28 f i MSVCRT:utility.obj
 0001:00055b40       ??$__crt_fast_encode_pointer@PEAP6AXXZ@@YAPEAP6AXXZQEAP6AXXZ@Z 0000000180056b40 f i MSVCRT:utility.obj
 0001:00055b60       ?__crt_rotate_pointer_value@@YA_K_KH@Z 0000000180056b60 f i MSVCRT:utility.obj
 0001:00055b6c       ?configure_argv@__scrt_narrow_argv_policy@@SAHXZ 0000000180056b6c f i MSVCRT:utility.obj
 0001:00055bfc       NtCurrentTeb               0000000180056bfc f i MSVCRT:utility.obj
 0001:00055c08       __scrt_acquire_startup_lock 0000000180056c08 f   MSVCRT:utility.obj
 0001:00055c44       __scrt_dllmain_after_initialize_c 0000000180056c44 f   MSVCRT:utility.obj
 0001:00055c78       __scrt_dllmain_before_initialize_c 0000000180056c78 f   MSVCRT:utility.obj
 0001:00055c90       __scrt_dllmain_crt_thread_attach 0000000180056c90 f   MSVCRT:utility.obj
 0001:00055cb8       __scrt_dllmain_crt_thread_detach 0000000180056cb8 f   MSVCRT:utility.obj
 0001:00055cd0       __scrt_dllmain_exception_filter 0000000180056cd0 f   MSVCRT:utility.obj
 0001:00055d34       __scrt_dllmain_uninitialize_c 0000000180056d34 f   MSVCRT:utility.obj
 0001:00055d64       __scrt_dllmain_uninitialize_critical 0000000180056d64 f   MSVCRT:utility.obj
 0001:00055d78       __scrt_initialize_crt      0000000180056d78 f   MSVCRT:utility.obj
 0001:00055dc4       __scrt_initialize_onexit_tables 0000000180056dc4 f   MSVCRT:utility.obj
 0001:00055e90       __scrt_is_nonwritable_in_current_image 0000000180056e90 f   MSVCRT:utility.obj
 0001:00055f2c       __scrt_release_startup_lock 0000000180056f2c f   MSVCRT:utility.obj
 0001:00055f50       __scrt_uninitialize_crt    0000000180056f50 f   MSVCRT:utility.obj
 0001:00055f7c       _onexit                    0000000180056f7c f   MSVCRT:utility.obj
 0001:00055fcc       at_quick_exit              0000000180056fcc f   MSVCRT:utility.obj
 0001:00056004       atexit                     0000000180057004 f   MSVCRT:utility.obj
 0001:0005601c       __security_init_cookie     000000018005701c f   MSVCRT:gs_support.obj
 0001:000560c8       DllMain                    00000001800570c8 f   MSVCRT:dll_dllmain_stub.obj
 0001:000560ec       ?__scrt_initialize_type_info@@YAXXZ 00000001800570ec f   MSVCRT:tncleanup.obj
 0001:000560fc       ?__scrt_uninitialize_type_info@@YAXXZ 00000001800570fc f   MSVCRT:tncleanup.obj
 0001:00056108       __local_stdio_scanf_options 0000000180057108 f i MSVCRT:default_local_stdio_options.obj
 0001:00056110       __scrt_initialize_default_local_stdio_options 0000000180057110 f   MSVCRT:default_local_stdio_options.obj
 0001:0005612c       __scrt_get_dyn_tls_init_callback 000000018005712c f   MSVCRT:dyn_tls_init.obj
 0001:00056134       __crt_debugger_hook        0000000180057134 f   MSVCRT:utility_desktop.obj
 0001:0005613c       __scrt_fastfail            000000018005713c f   MSVCRT:utility_desktop.obj
 0001:00056284       __scrt_get_show_window_mode 0000000180057284 f   MSVCRT:utility_desktop.obj
 0001:000562c0       __scrt_initialize_winrt    00000001800572c0 f   MSVCRT:utility_desktop.obj
 0001:000562c4       __scrt_is_managed_app      00000001800572c4 f   MSVCRT:utility_desktop.obj
 0001:00056318       __scrt_set_unhandled_exception_filter 0000000180057318 f   MSVCRT:utility_desktop.obj
 0001:00056328       __scrt_unhandled_exception_filter 0000000180057328 f   MSVCRT:utility_desktop.obj
 0001:00056360       _RTC_Initialize            0000000180057360 f   MSVCRT:_initsect_.obj
 0001:000563ac       _RTC_Terminate             00000001800573ac f   MSVCRT:_initsect_.obj
 0001:000563f8       _guard_check_icall         00000001800573f8 f i MSVCRT:checkcfg.obj
 0001:00056400       __isa_available_init       0000000180057400 f   MSVCRT:_cpu_disp_.obj
 0001:000565c8       _get_startup_argv_mode     00000001800575c8 f   MSVCRT:argv_mode.obj
 0001:000565d0       __scrt_is_ucrt_dll_in_use  00000001800575d0 f   MSVCRT:ucrt_detection.obj
 0001:000565dc       _guard_check_icall_nop     00000001800575dc f i MSVCRT:guard_support.obj
 0001:000565e0       _guard_icall_checks_enforced 00000001800575e0 f i MSVCRT:guard_support.obj
 0001:00056600       RtlCaptureContext          0000000180057600 f   kernel32:KERNEL32.dll
 0001:00056606       RtlLookupFunctionEntry     0000000180057606 f   kernel32:KERNEL32.dll
 0001:0005660c       RtlVirtualUnwind           000000018005760c f   kernel32:KERNEL32.dll
 0001:00056612       UnhandledExceptionFilter   0000000180057612 f   kernel32:KERNEL32.dll
 0001:00056618       SetUnhandledExceptionFilter 0000000180057618 f   kernel32:KERNEL32.dll
 0001:0005661e       GetCurrentProcess          000000018005761e f   kernel32:KERNEL32.dll
 0001:00056624       TerminateProcess           0000000180057624 f   kernel32:KERNEL32.dll
 0001:0005662a       IsProcessorFeaturePresent  000000018005762a f   kernel32:KERNEL32.dll
 0001:00056630       QueryPerformanceCounter    0000000180057630 f   kernel32:KERNEL32.dll
 0001:00056636       GetCurrentProcessId        0000000180057636 f   kernel32:KERNEL32.dll
 0001:0005663c       GetCurrentThreadId         000000018005763c f   kernel32:KERNEL32.dll
 0001:00056642       GetSystemTimeAsFileTime    0000000180057642 f   kernel32:KERNEL32.dll
 0001:00056648       DisableThreadLibraryCalls  0000000180057648 f   kernel32:KERNEL32.dll
 0001:0005664e       InitializeSListHead        000000018005764e f   kernel32:KERNEL32.dll
 0001:00056654       IsDebuggerPresent          0000000180057654 f   kernel32:KERNEL32.dll
 0001:0005665a       GetStartupInfoW            000000018005765a f   kernel32:KERNEL32.dll
 0001:00056660       GetModuleHandleW           0000000180057660 f   kernel32:KERNEL32.dll
 0001:00056666       memset                     0000000180057666 f   vcruntime:VCRUNTIME140.dll
 0001:0005666c       memcpy                     000000018005766c f   vcruntime:VCRUNTIME140.dll
 0001:00056672       __C_specific_handler       0000000180057672 f   vcruntime:VCRUNTIME140.dll
 0001:00056678       __std_type_info_destroy_list 0000000180057678 f   vcruntime:VCRUNTIME140.dll
 0001:0005667e       strcmp                     000000018005767e f   ucrt:api-ms-win-crt-string-l1-1-0.dll
 0001:00056684       __stdio_common_vsprintf    0000000180057684 f   ucrt:api-ms-win-crt-stdio-l1-1-0.dll
 0001:0005668a       free                       000000018005768a f   ucrt:api-ms-win-crt-heap-l1-1-0.dll
 0001:00056690       malloc                     0000000180057690 f   ucrt:api-ms-win-crt-heap-l1-1-0.dll
 0001:00056696       strlen                     0000000180057696 f   ucrt:api-ms-win-crt-string-l1-1-0.dll
 0001:0005669c       cos                        000000018005769c f   ucrt:api-ms-win-crt-math-l1-1-0.dll
 0001:000566a2       pow                        00000001800576a2 f   ucrt:api-ms-win-crt-math-l1-1-0.dll
 0001:000566a8       sin                        00000001800576a8 f   ucrt:api-ms-win-crt-math-l1-1-0.dll
 0001:000566ae       _initterm                  00000001800576ae f   ucrt:api-ms-win-crt-runtime-l1-1-0.dll
 0001:000566b4       _initterm_e                00000001800576b4 f   ucrt:api-ms-win-crt-runtime-l1-1-0.dll
 0001:000566ba       _seh_filter_dll            00000001800576ba f   ucrt:api-ms-win-crt-runtime-l1-1-0.dll
 0001:000566c0       _configure_narrow_argv     00000001800576c0 f   ucrt:api-ms-win-crt-runtime-l1-1-0.dll
 0001:000566c6       _initialize_narrow_environment 00000001800576c6 f   ucrt:api-ms-win-crt-runtime-l1-1-0.dll
 0001:000566cc       _initialize_onexit_table   00000001800576cc f   ucrt:api-ms-win-crt-runtime-l1-1-0.dll
 0001:000566d2       _register_onexit_function  00000001800576d2 f   ucrt:api-ms-win-crt-runtime-l1-1-0.dll
 0001:000566d8       _execute_onexit_table      00000001800576d8 f   ucrt:api-ms-win-crt-runtime-l1-1-0.dll
 0001:000566de       _crt_atexit                00000001800576de f   ucrt:api-ms-win-crt-runtime-l1-1-0.dll
 0001:000566e4       _crt_at_quick_exit         00000001800576e4 f   ucrt:api-ms-win-crt-runtime-l1-1-0.dll
 0001:000566ea       _cexit                     00000001800576ea f   ucrt:api-ms-win-crt-runtime-l1-1-0.dll
 0001:000566f0       terminate                  00000001800576f0 f   ucrt:api-ms-win-crt-runtime-l1-1-0.dll
 0001:000566f8       __scrt_stub_for_acrt_initialize 00000001800576f8 f   MSVCRT:ucrt_stubs.obj
 0001:000566f8       __vcrt_initialize          00000001800576f8 f   MSVCRT:ucrt_stubs.obj
 0001:000566f8       __acrt_initialize          00000001800576f8 f   MSVCRT:ucrt_stubs.obj
 0001:000566fc       __vcrt_thread_attach       00000001800576fc f   MSVCRT:ucrt_stubs.obj
 0001:000566fc       __acrt_thread_attach       00000001800576fc f   MSVCRT:ucrt_stubs.obj
 0001:000566fc       __scrt_stub_for_acrt_thread_attach 00000001800576fc f   MSVCRT:ucrt_stubs.obj
 0001:00056700       __scrt_stub_for_acrt_thread_detach 0000000180057700 f   MSVCRT:ucrt_stubs.obj
 0001:00056700       __acrt_thread_detach       0000000180057700 f   MSVCRT:ucrt_stubs.obj
 0001:00056700       __vcrt_thread_detach       0000000180057700 f   MSVCRT:ucrt_stubs.obj
 0001:00056704       __scrt_stub_for_acrt_uninitialize 0000000180057704 f   MSVCRT:ucrt_stubs.obj
 0001:00056704       __acrt_uninitialize        0000000180057704 f   MSVCRT:ucrt_stubs.obj
 0001:00056704       __vcrt_uninitialize        0000000180057704 f   MSVCRT:ucrt_stubs.obj
 0001:00056708       __scrt_stub_for_acrt_uninitialize_critical 0000000180057708 f   MSVCRT:ucrt_stubs.obj
 0001:00056708       __acrt_uninitialize_critical 0000000180057708 f   MSVCRT:ucrt_stubs.obj
 0001:00056708       __vcrt_uninitialize_critical 0000000180057708 f   MSVCRT:ucrt_stubs.obj
 0001:0005670c       _is_c_termination_complete 000000018005770c f   MSVCRT:ucrt_stubs.obj
 0001:0005670c       __scrt_stub_for_is_c_termination_complete 000000018005770c f   MSVCRT:ucrt_stubs.obj
 0001:00056720       _guard_dispatch_icall_nop  0000000180057720 f   MSVCRT:_guard_dispatch_.obj
 0002:00000000       __imp_TerminateProcess     0000000180058000     kernel32:KERNEL32.dll
 0002:00000008       __imp_IsProcessorFeaturePresent 0000000180058008     kernel32:KERNEL32.dll
 0002:00000010       __imp_RtlCaptureContext    0000000180058010     kernel32:KERNEL32.dll
 0002:00000018       __imp_RtlLookupFunctionEntry 0000000180058018     kernel32:KERNEL32.dll
 0002:00000020       __imp_QueryPerformanceCounter 0000000180058020     kernel32:KERNEL32.dll
 0002:00000028       __imp_GetCurrentProcessId  0000000180058028     kernel32:KERNEL32.dll
 0002:00000030       __imp_GetCurrentThreadId   0000000180058030     kernel32:KERNEL32.dll
 0002:00000038       __imp_GetSystemTimeAsFileTime 0000000180058038     kernel32:KERNEL32.dll
 0002:00000040       __imp_DisableThreadLibraryCalls 0000000180058040     kernel32:KERNEL32.dll
 0002:00000048       __imp_InitializeSListHead  0000000180058048     kernel32:KERNEL32.dll
 0002:00000050       __imp_IsDebuggerPresent    0000000180058050     kernel32:KERNEL32.dll
 0002:00000058       __imp_GetStartupInfoW      0000000180058058     kernel32:KERNEL32.dll
 0002:00000060       __imp_GetModuleHandleW     0000000180058060     kernel32:KERNEL32.dll
 0002:00000068       __imp_SetUnhandledExceptionFilter 0000000180058068     kernel32:KERNEL32.dll
 0002:00000070       __imp_UnhandledExceptionFilter 0000000180058070     kernel32:KERNEL32.dll
 0002:00000078       __imp_GetCurrentProcess    0000000180058078     kernel32:KERNEL32.dll
 0002:00000080       __imp_RtlVirtualUnwind     0000000180058080     kernel32:KERNEL32.dll
 0002:00000088       \177KERNEL32_NULL_THUNK_DATA 0000000180058088     kernel32:KERNEL32.dll
 0002:00000090       __imp_memcpy               0000000180058090     vcruntime:VCRUNTIME140.dll
 0002:00000098       __imp___C_specific_handler 0000000180058098     vcruntime:VCRUNTIME140.dll
 0002:000000a0       __imp___std_type_info_destroy_list 00000001800580a0     vcruntime:VCRUNTIME140.dll
 0002:000000a8       __imp_memset               00000001800580a8     vcruntime:VCRUNTIME140.dll
 0002:000000b0       \177VCRUNTIME140_NULL_THUNK_DATA 00000001800580b0     vcruntime:VCRUNTIME140.dll
 0002:000000b8       __imp_malloc               00000001800580b8     ucrt:api-ms-win-crt-heap-l1-1-0.dll
 0002:000000c0       __imp_free                 00000001800580c0     ucrt:api-ms-win-crt-heap-l1-1-0.dll
 0002:000000c8       \177api-ms-win-crt-heap-l1-1-0_NULL_THUNK_DATA 00000001800580c8     ucrt:api-ms-win-crt-heap-l1-1-0.dll
 0002:000000d0       __imp_sin                  00000001800580d0     ucrt:api-ms-win-crt-math-l1-1-0.dll
 0002:000000d8       __imp_cos                  00000001800580d8     ucrt:api-ms-win-crt-math-l1-1-0.dll
 0002:000000e0       __imp_pow                  00000001800580e0     ucrt:api-ms-win-crt-math-l1-1-0.dll
 0002:000000e8       \177api-ms-win-crt-math-l1-1-0_NULL_THUNK_DATA 00000001800580e8     ucrt:api-ms-win-crt-math-l1-1-0.dll
 0002:000000f0       __imp__seh_filter_dll      00000001800580f0     ucrt:api-ms-win-crt-runtime-l1-1-0.dll
 0002:000000f8       __imp__configure_narrow_argv 00000001800580f8     ucrt:api-ms-win-crt-runtime-l1-1-0.dll
 0002:00000100       __imp__initialize_narrow_environment 0000000180058100     ucrt:api-ms-win-crt-runtime-l1-1-0.dll
 0002:00000108       __imp__initialize_onexit_table 0000000180058108     ucrt:api-ms-win-crt-runtime-l1-1-0.dll
 0002:00000110       __imp__register_onexit_function 0000000180058110     ucrt:api-ms-win-crt-runtime-l1-1-0.dll
 0002:00000118       __imp__execute_onexit_table 0000000180058118     ucrt:api-ms-win-crt-runtime-l1-1-0.dll
 0002:00000120       __imp__crt_atexit          0000000180058120     ucrt:api-ms-win-crt-runtime-l1-1-0.dll
 0002:00000128       __imp__crt_at_quick_exit   0000000180058128     ucrt:api-ms-win-crt-runtime-l1-1-0.dll
 0002:00000130       __imp__cexit               0000000180058130     ucrt:api-ms-win-crt-runtime-l1-1-0.dll
 0002:00000138       __imp_terminate            0000000180058138     ucrt:api-ms-win-crt-runtime-l1-1-0.dll
 0002:00000140       __imp__initterm_e          0000000180058140     ucrt:api-ms-win-crt-runtime-l1-1-0.dll
 0002:00000148       __imp__initterm            0000000180058148     ucrt:api-ms-win-crt-runtime-l1-1-0.dll
 0002:00000150       \177api-ms-win-crt-runtime-l1-1-0_NULL_THUNK_DATA 0000000180058150     ucrt:api-ms-win-crt-runtime-l1-1-0.dll
 0002:00000158       __imp___stdio_common_vsprintf 0000000180058158     ucrt:api-ms-win-crt-stdio-l1-1-0.dll
 0002:00000160       \177api-ms-win-crt-stdio-l1-1-0_NULL_THUNK_DATA 0000000180058160     ucrt:api-ms-win-crt-stdio-l1-1-0.dll
 0002:00000168       __imp_strlen               0000000180058168     ucrt:api-ms-win-crt-string-l1-1-0.dll
 0002:00000170       __imp_strcmp               0000000180058170     ucrt:api-ms-win-crt-string-l1-1-0.dll
 0002:00000178       \177api-ms-win-crt-string-l1-1-0_NULL_THUNK_DATA 0000000180058178     ucrt:api-ms-win-crt-string-l1-1-0.dll
 0002:00000180       __imp_emlrtNameCaptureMxArrayR2016a 0000000180058180     libemlrt:libemlrt.dll
 0002:00000188       \177libemlrt_NULL_THUNK_DATA 0000000180058188     libemlrt:libemlrt.dll
 0002:00000190       __imp_mexErrMsgTxt         0000000180058190     libmex:libmex.dll
 0002:00000198       __imp_mexWarnMsgTxt        0000000180058198     libmex:libmex.dll
 0002:000001a0       __imp_mexMakeArrayPersistent 00000001800581a0     libmex:libmex.dll
 0002:000001a8       __imp_mexIsLocked          00000001800581a8     libmex:libmex.dll
 0002:000001b0       __imp_mexUnlock            00000001800581b0     libmex:libmex.dll
 0002:000001b8       __imp_mexLock              00000001800581b8     libmex:libmex.dll
 0002:000001c0       __imp_mexCallMATLABWithObject 00000001800581c0     libmex:libmex.dll
 0002:000001c8       \177libmex_NULL_THUNK_DATA 00000001800581c8     libmex:libmex.dll
 0002:000001d0       __imp_muDoubleScalarIsNaN  00000001800581d0     libmwmathutil:libmwmathutil.dll
 0002:000001d8       __imp_muDoubleScalarAbs    00000001800581d8     libmwmathutil:libmwmathutil.dll
 0002:000001e0       \177libmwmathutil_NULL_THUNK_DATA 00000001800581e0     libmwmathutil:libmwmathutil.dll
 0002:000001e8       __imp_mxGetN               00000001800581e8     libmx:libmx.dll
 0002:000001f0       __imp_mxIsComplex          00000001800581f0     libmx:libmx.dll
 0002:000001f8       __imp_mxIsNumeric          00000001800581f8     libmx:libmx.dll
 0002:00000200       __imp_mxGetClassID         0000000180058200     libmx:libmx.dll
 0002:00000208       __imp_mxGetM               0000000180058208     libmx:libmx.dll
 0002:00000210       __imp_mxCalloc             0000000180058210     libmx:libmx.dll
 0002:00000218       __imp_mxGetNaN             0000000180058218     libmx:libmx.dll
 0002:00000220       __imp_mxCreateStructArray_730 0000000180058220     libmx:libmx.dll
 0002:00000228       __imp_mxCreateStructMatrix_730 0000000180058228     libmx:libmx.dll
 0002:00000230       __imp_mxCreateCellArray_730 0000000180058230     libmx:libmx.dll
 0002:00000238       __imp_mxCreateCellMatrix_730 0000000180058238     libmx:libmx.dll
 0002:00000240       __imp_mxCreateString       0000000180058240     libmx:libmx.dll
 0002:00000248       __imp_mxCreateDoubleScalar 0000000180058248     libmx:libmx.dll
 0002:00000250       __imp_mxSetField_730       0000000180058250     libmx:libmx.dll
 0002:00000258       __imp_mxDuplicateArray     0000000180058258     libmx:libmx.dll
 0002:00000260       __imp_mxGetString_730      0000000180058260     libmx:libmx.dll
 0002:00000268       __imp_mxCreateDoubleMatrix_730 0000000180058268     libmx:libmx.dll
 0002:00000270       __imp_mxDestroyArray       0000000180058270     libmx:libmx.dll
 0002:00000278       __imp_mxGetScalar          0000000180058278     libmx:libmx.dll
 0002:00000280       __imp_mxIsChar             0000000180058280     libmx:libmx.dll
 0002:00000288       __imp_mxGetPr              0000000180058288     libmx:libmx.dll
 0002:00000290       \177libmx_NULL_THUNK_DATA  0000000180058290     libmx:libmx.dll
 0002:00000298       __imp_utMalloc             0000000180058298     libut:libut.dll
 0002:000002a0       __imp_utFree               00000001800582a0     libut:libut.dll
 0002:000002a8       \177libut_NULL_THUNK_DATA  00000001800582a8     libut:libut.dll
 0002:000002b0       __imp_sf_debug_create_debug_instance_struct 00000001800582b0     sf_runtime:sf_runtime.dll
 0002:000002b8       __imp_sf_clear_error_manager_info 00000001800582b8     sf_runtime:sf_runtime.dll
 0002:000002c0       __imp_sf_mex_error_direct_call 00000001800582c0     sf_runtime:sf_runtime.dll
 0002:000002c8       __imp_getRuntimeInstanceInfoAsVoid 00000001800582c8     sf_runtime:sf_runtime.dll
 0002:000002d0       __imp_call_sf_machine_global_method_dispatcher 00000001800582d0     sf_runtime:sf_runtime.dll
 0002:000002d8       __imp_callMdlMethodAndReportError 00000001800582d8     sf_runtime:sf_runtime.dll
 0002:000002e0       __imp_sf_get_hasSeparateUpdateOutputs 00000001800582e0     sf_runtime:sf_runtime.dll
 0002:000002e8       __imp_sf_get_ChartInfoStruct_CodeGen 00000001800582e8     sf_runtime:sf_runtime.dll
 0002:000002f0       __imp_sf_mex_call_debug    00000001800582f0     sf_runtime:sf_runtime.dll
 0002:000002f8       __imp_sf_debug_set_script_translation 00000001800582f8     sf_runtime:sf_runtime.dll
 0002:00000300       __imp_sf_debug_get_script_id 0000000180058300     sf_runtime:sf_runtime.dll
 0002:00000308       __imp_sf_debug_cv_init_state 0000000180058308     sf_runtime:sf_runtime.dll
 0002:00000310       __imp_sf_debug_terminate   0000000180058310     sf_runtime:sf_runtime.dll
 0002:00000318       __imp_sf_debug_cv_init_trans 0000000180058318     sf_runtime:sf_runtime.dll
 0002:00000320       __imp_sf_debug_data_range_wrapper 0000000180058320     sf_runtime:sf_runtime.dll
 0002:00000328       __imp_sf_debug_set_chart_substate_count 0000000180058328     sf_runtime:sf_runtime.dll
 0002:00000330       __imp_sf_debug_set_chart_decomposition 0000000180058330     sf_runtime:sf_runtime.dll
 0002:00000338       __imp_sf_debug_set_chart_state_info 0000000180058338     sf_runtime:sf_runtime.dll
 0002:00000340       __imp_sf_debug_set_chart_event_thresholds 0000000180058340     sf_runtime:sf_runtime.dll
 0002:00000348       __imp_sf_debug_set_chart_disable_implicit_casting 0000000180058348     sf_runtime:sf_runtime.dll
 0002:00000350       __imp_sf_debug_set_instance_data_value_ptr 0000000180058350     sf_runtime:sf_runtime.dll
 0002:00000358       __imp_sf_debug_symbol_scope_add_eml_importable 0000000180058358     sf_runtime:sf_runtime.dll
 0002:00000360       __imp_sf_debug_symbol_scope_add_eml 0000000180058360     sf_runtime:sf_runtime.dll
 0002:00000368       __imp_sf_debug_symbol_scope_pop 0000000180058368     sf_runtime:sf_runtime.dll
 0002:00000370       __imp_sf_debug_symbol_scope_push_eml 0000000180058370     sf_runtime:sf_runtime.dll
 0002:00000378       __imp_sf_debug_api         0000000180058378     sf_runtime:sf_runtime.dll
 0002:00000380       __imp_sf_debug_cv_init_chart 0000000180058380     sf_runtime:sf_runtime.dll
 0002:00000388       __imp_sf_debug_symbol_scope_push 0000000180058388     sf_runtime:sf_runtime.dll
 0002:00000390       __imp_sf_debug_set_chart_data_compiled_props 0000000180058390     sf_runtime:sf_runtime.dll
 0002:00000398       __imp_sf_debug_set_chart_data_props 0000000180058398     sf_runtime:sf_runtime.dll
 0002:000003a0       __imp_sf_debug_check_for_state_inconsistency 00000001800583a0     sf_runtime:sf_runtime.dll
 0002:000003a8       __imp_sf_debug_reset_current_state_configuration 00000001800583a8     sf_runtime:sf_runtime.dll
 0002:000003b0       __imp_cv_script_init_if    00000001800583b0     sf_runtime:sf_runtime.dll
 0002:000003b8       __imp_cv_script_init_fcn   00000001800583b8     sf_runtime:sf_runtime.dll
 0002:000003c0       __imp_cv_script_init_script 00000001800583c0     sf_runtime:sf_runtime.dll
 0002:000003c8       __imp_cv_script_eval       00000001800583c8     sf_runtime:sf_runtime.dll
 0002:000003d0       __imp_cv_eml_init_relational 00000001800583d0     sf_runtime:sf_runtime.dll
 0002:000003d8       __imp_cv_eml_init_if       00000001800583d8     sf_runtime:sf_runtime.dll
 0002:000003e0       __imp_cv_eml_init_fcn      00000001800583e0     sf_runtime:sf_runtime.dll
 0002:000003e8       __imp_cv_eml_init_script   00000001800583e8     sf_runtime:sf_runtime.dll
 0002:000003f0       __imp_cv_eval_relational   00000001800583f0     sf_runtime:sf_runtime.dll
 0002:000003f8       __imp_cv_eml_eval          00000001800583f8     sf_runtime:sf_runtime.dll
 0002:00000400       __imp_eml_debug_line_call  0000000180058400     sf_runtime:sf_runtime.dll
 0002:00000408       __imp_sf_debug_call        0000000180058408     sf_runtime:sf_runtime.dll
 0002:00000410       __imp_sf_debug_initialize_chart 0000000180058410     sf_runtime:sf_runtime.dll
 0002:00000418       __imp_ssGetOutputPortSignal_wrapper 0000000180058418     sf_runtime:sf_runtime.dll
 0002:00000420       __imp_ssGetInputPortSignal_wrapper 0000000180058420     sf_runtime:sf_runtime.dll
 0002:00000428       __imp_sf_mex_decode_encoded_mx_struct_array 0000000180058428     sf_runtime:sf_runtime.dll
 0002:00000430       __imp_sf_mex_import        0000000180058430     sf_runtime:sf_runtime.dll
 0002:00000438       __imp_sf_mex_destroy       0000000180058438     sf_runtime:sf_runtime.dll
 0002:00000440       __imp_sf_mex_dup           0000000180058440     sf_runtime:sf_runtime.dll
 0002:00000448       __imp_sf_mex_assign        0000000180058448     sf_runtime:sf_runtime.dll
 0002:00000450       __imp_sf_mex_getcell       0000000180058450     sf_runtime:sf_runtime.dll
 0002:00000458       __imp_sf_mex_setcell       0000000180058458     sf_runtime:sf_runtime.dll
 0002:00000460       __imp_sf_mex_createcellmatrix 0000000180058460     sf_runtime:sf_runtime.dll
 0002:00000468       __imp_sf_mex_create        0000000180058468     sf_runtime:sf_runtime.dll
 0002:00000470       __imp_sf_mex_error_message 0000000180058470     sf_runtime:sf_runtime.dll
 0002:00000478       __imp_ssSetBlockIsPurelyCombinatorial_wrapper 0000000180058478     sf_runtime:sf_runtime.dll
 0002:00000480       __imp_sf_register_codegen_names_for_scoped_functions_defined_by_chart 0000000180058480     sf_runtime:sf_runtime.dll
 0002:00000488       __imp_sf_set_chart_accesses_machine_info 0000000180058488     sf_runtime:sf_runtime.dll
 0002:00000490       __imp_sf_is_first_init_cond 0000000180058490     sf_runtime:sf_runtime.dll
 0002:00000498       __imp_sf_get_time          0000000180058498     sf_runtime:sf_runtime.dll
 0002:000004a0       __imp_sf_set_rtw_dwork_info 00000001800584a0     sf_runtime:sf_runtime.dll
 0002:000004a8       __imp_sf_clear_rtw_identifier 00000001800584a8     sf_runtime:sf_runtime.dll
 0002:000004b0       __imp_sim_mode_is_modelref_sim 00000001800584b0     sf_runtime:sf_runtime.dll
 0002:000004b8       __imp_sim_mode_is_external 00000001800584b8     sf_runtime:sf_runtime.dll
 0002:000004c0       __imp_sim_mode_is_rtw_gen  00000001800584c0     sf_runtime:sf_runtime.dll
 0002:000004c8       __imp_sf_mark_chart_expressionable_inputs 00000001800584c8     sf_runtime:sf_runtime.dll
 0002:000004d0       __imp_sf_mark_chart_reusable_outputs 00000001800584d0     sf_runtime:sf_runtime.dll
 0002:000004d8       __imp_sf_is_chart_inlinable 00000001800584d8     sf_runtime:sf_runtime.dll
 0002:000004e0       __imp_sf_update_buildInfo  00000001800584e0     sf_runtime:sf_runtime.dll
 0002:000004e8       __imp_sf_rtw_info_uint_prop 00000001800584e8     sf_runtime:sf_runtime.dll
 0002:000004f0       __imp_sf_get_chart_instance_ptr 00000001800584f0     sf_runtime:sf_runtime.dll
 0002:000004f8       __imp_sfrtGetEmlrtCtx      00000001800584f8     sf_runtime:sf_runtime.dll
 0002:00000500       __imp_sf_free_ChartRunTimeInfo 0000000180058500     sf_runtime:sf_runtime.dll
 0002:00000508       __imp_sf_init_ChartRunTimeInfo 0000000180058508     sf_runtime:sf_runtime.dll
 0002:00000510       __imp_sf_debug_set_machine_data_thresholds 0000000180058510     sf_runtime:sf_runtime.dll
 0002:00000518       __imp_sf_debug_set_machine_event_thresholds 0000000180058518     sf_runtime:sf_runtime.dll
 0002:00000520       __imp_sf_debug_initialize_machine 0000000180058520     sf_runtime:sf_runtime.dll
 0002:00000528       __imp_sf_load_rtw_optimization_info 0000000180058528     sf_runtime:sf_runtime.dll
 0002:00000530       \177sf_runtime_NULL_THUNK_DATA 0000000180058530     sf_runtime:sf_runtime.dll
 0002:00000538       __guard_check_icall_fptr   0000000180058538     MSVCRT:guard_support.obj
 0002:00000540       __guard_dispatch_icall_fptr 0000000180058540     MSVCRT:guard_support.obj
 0002:00000548       __xc_a                     0000000180058548     MSVCRT:initializers.obj
 0002:00000550       __xc_z                     0000000180058550     MSVCRT:initializers.obj
 0002:00000558       __xi_a                     0000000180058558     MSVCRT:initializers.obj
 0002:00000560       __xi_z                     0000000180058560     MSVCRT:initializers.obj
 0002:00000568       __xp_a                     0000000180058568     MSVCRT:initializers.obj
 0002:00000570       __xp_z                     0000000180058570     MSVCRT:initializers.obj
 0002:00000578       __xt_a                     0000000180058578     MSVCRT:initializers.obj
 0002:00000580       __xt_z                     0000000180058580     MSVCRT:initializers.obj
 0002:00000590       __real@4194da94a0000000    0000000180058590     FLWSim_sfun.obj
 0002:00000598       __real@41b290a78f000000    0000000180058598     FLWSim_sfun.obj
 0002:000005a0       __real@41bc3148d6000000    00000001800585a0     FLWSim_sfun.obj
 0002:000005a8       __real@41d4031a90c00000    00000001800585a8     FLWSim_sfun.obj
 0002:000005b0       __real@41d506fd88400000    00000001800585b0     FLWSim_sfun.obj
 0002:000005b8       __real@41e320ec1ba00000    00000001800585b8     FLWSim_sfun.obj
 0002:000005c0       __real@41e469fd60600000    00000001800585c0     FLWSim_sfun.obj
 0002:000005c8       __real@41e4894f78200000    00000001800585c8     FLWSim_sfun.obj
 0002:000005d0       __real@41e60dcd8f000000    00000001800585d0     FLWSim_sfun.obj
 0002:000005d8       __real@41e76a7a06600000    00000001800585d8     FLWSim_sfun.obj
 0002:000005e0       __real@41eb0e46f0c00000    00000001800585e0     FLWSim_sfun.obj
 0002:000005e8       __real@41ec508c9ce00000    00000001800585e8     FLWSim_sfun.obj
 0002:000005f0       __real@3ff0000000000000    00000001800585f0     c1_FLWSim.obj
 0002:000005f8       __real@4008000000000000    00000001800585f8     c1_FLWSim.obj
 0002:00000600       __real@4018000000000000    0000000180058600     c1_FLWSim.obj
 0002:00000608       __real@4024000000000000    0000000180058608     c1_FLWSim.obj
 0002:00000610       __real@402c000000000000    0000000180058610     c1_FLWSim.obj
 0002:00000618       __real@408f400000000000    0000000180058618     c1_FLWSim.obj
 0002:00000620       __real@40c3880000000000    0000000180058620     c1_FLWSim.obj
 0002:00000628       __real@40ed4c0000000000    0000000180058628     c1_FLWSim.obj
 0002:00000630       __real@419a1df3d0000000    0000000180058630     c1_FLWSim.obj
 0002:00000638       __real@41d022a62c400000    0000000180058638     c1_FLWSim.obj
 0002:00000640       __real@41d5587665000000    0000000180058640     c1_FLWSim.obj
 0002:00000648       __real@41e822cf8a400000    0000000180058648     c1_FLWSim.obj
 0002:00000650       __xmm@80000000000000008000000000000000 0000000180058650     c1_FLWSim.obj
 0002:00000660       __real@0000000000000000    0000000180058660     c2_FLWSim.obj
 0002:00000668       __real@3cb0000000000000    0000000180058668     c2_FLWSim.obj
 0002:00000670       __real@4000000000000000    0000000180058670     c2_FLWSim.obj
 0002:00000678       __real@4010000000000000    0000000180058678     c2_FLWSim.obj
 0002:00000680       __real@41cb5283d5800000    0000000180058680     c2_FLWSim.obj
 0002:00000688       __real@41ec7f916b800000    0000000180058688     c2_FLWSim.obj
 0002:00000690       __real@41ed89ea83800000    0000000180058690     c2_FLWSim.obj
 0002:00000698       __real@41ef750d7e000000    0000000180058698     c2_FLWSim.obj
 0002:000006a0       DYNAMIC_DIMENSION_DEF      00000001800586a0     FLWSim_sfun_registry.obj
 0002:000006b8       __real@41602cbca0000000    00000001800586b8     FLWSim_sfun_registry.obj
 0002:000006c0       __real@bff0000000000000    00000001800586c0     FLWSim_sfun_registry.obj
 0002:000006c8       __real@3fceb851eb851eb8    00000001800586c8     CoriolisTerm_src.obj
 0002:000006d0       __real@3fd89374bc6a7efa    00000001800586d0     CoriolisTerm_src.obj
 0002:000006d8       __real@3fe0000000000000    00000001800586d8     CoriolisTerm_src.obj
 0002:000006e0       __real@3fe7ef9db22d0e56    00000001800586e0     CoriolisTerm_src.obj
 0002:000006e8       __real@40070a3d70a3d70a    00000001800586e8     CoriolisTerm_src.obj
 0002:000006f0       __real@400999999999999a    00000001800586f0     CoriolisTerm_src.obj
 0002:000006f8       __real@401999999999999a    00000001800586f8     CoriolisTerm_src.obj
 0002:00000700       __real@401b333333333333    0000000180058700     CoriolisTerm_src.obj
 0002:00000708       __real@402b333333333333    0000000180058708     CoriolisTerm_src.obj
 0002:00000710       __real@bfbc28f5c28f5c29    0000000180058710     CoriolisTerm_src.obj
 0002:00000718       __real@bfceb851eb851eb8    0000000180058718     CoriolisTerm_src.obj
 0002:00000720       __real@bfd89374bc6a7efa    0000000180058720     CoriolisTerm_src.obj
 0002:00000728       __real@bfd999999999999a    0000000180058728     CoriolisTerm_src.obj
 0002:00000730       __real@bfe0000000000000    0000000180058730     CoriolisTerm_src.obj
 0002:00000738       __real@bfe47ae147ae147b    0000000180058738     CoriolisTerm_src.obj
 0002:00000740       __real@bfe7ef9db22d0e56    0000000180058740     CoriolisTerm_src.obj
 0002:00000748       __real@c0070a3d70a3d70a    0000000180058748     CoriolisTerm_src.obj
 0002:00000750       __real@c00999999999999a    0000000180058750     CoriolisTerm_src.obj
 0002:00000758       __real@c01999999999999a    0000000180058758     CoriolisTerm_src.obj
 0002:00000760       __real@c01b333333333333    0000000180058760     CoriolisTerm_src.obj
 0002:00000768       __real@c02b333333333333    0000000180058768     CoriolisTerm_src.obj
 0002:00000770       __real@3fd999999999999a    0000000180058770     GravityVector_src.obj
 0002:00000778       __real@3fe47ae147ae147b    0000000180058778     GravityVector_src.obj
 0002:00000780       __real@403c40b780346dc5    0000000180058780     GravityVector_src.obj
 0002:00000788       __real@403f645a1cac0832    0000000180058788     GravityVector_src.obj
 0002:00000790       __real@40739eb851eb851f    0000000180058790     GravityVector_src.obj
 0002:00000798       __real@c01d59fd36f7e3d2    0000000180058798     GravityVector_src.obj
 0002:000007a0       __real@3fc999999999999a    00000001800587a0     InertiaMatrix_src.obj
 0002:000007a8       __real@3fd898b2e9ccb7d4    00000001800587a8     InertiaMatrix_src.obj
 0002:000007b0       __real@3fe570a3d70a3d71    00000001800587b0     InertiaMatrix_src.obj
 0002:000007b8       __real@3fe812ad81adea89    00000001800587b8     InertiaMatrix_src.obj
 0002:000007c0       __real@400ae3bcd35a8588    00000001800587c0     InertiaMatrix_src.obj
 0002:000007c8       __real@4028000000000000    00000001800587c8     InertiaMatrix_src.obj
 0002:000007d0       __real@bfe89374bc6a7efa    00000001800587d0     InertiaMatrix_src.obj
 0002:000007d8       __real@3fde147ae147ae14    00000001800587d8     AMBody_LeftThigh_src.obj
 0002:000007e0       __real@3ff547ae147ae148    00000001800587e0     AMBody_torso_src.obj
 0002:000007e8       __real@bfe999999999999a    00000001800587e8     dJb_LeftToe_src.obj
 0002:000007f0       __real@3fa0000000000000    00000001800587f0     dJp_COM_src.obj
 0002:000007f8       __real@3fb999999999999a    00000001800587f8     dJp_COM_src.obj
 0002:00000800       __real@3fe999999999999a    0000000180058800     dJp_LeftToe_src.obj
 0002:00000808       __real@3fbc28f5c28f5c29    0000000180058808     dT_LeftThigh_src.obj
 0002:00000820       _pRawDllMain               0000000180058820     MSVCRT:dll_dllmain.obj
 0002:00000820       _pDefaultRawDllMain        0000000180058820     MSVCRT:dll_dllmain.obj
 0002:00000850       _load_config_used          0000000180058850     MSVCRT:loadcfg.obj
 0002:00000b10       __rtc_iaa                  0000000180058b10     MSVCRT:_initsect_.obj
 0002:00000b18       __rtc_izz                  0000000180058b18     MSVCRT:_initsect_.obj
 0002:00000b20       __rtc_taa                  0000000180058b20     MSVCRT:_initsect_.obj
 0002:00000b28       __rtc_tzz                  0000000180058b28     MSVCRT:_initsect_.obj
 0002:000020b8       __IMPORT_DESCRIPTOR_sf_runtime 000000018005a0b8     sf_runtime:sf_runtime.dll
 0002:000020cc       __IMPORT_DESCRIPTOR_libmx  000000018005a0cc     libmx:libmx.dll
 0002:000020e0       __IMPORT_DESCRIPTOR_libmex 000000018005a0e0     libmex:libmex.dll
 0002:000020f4       __IMPORT_DESCRIPTOR_libut  000000018005a0f4     libut:libut.dll
 0002:00002108       __IMPORT_DESCRIPTOR_libmwmathutil 000000018005a108     libmwmathutil:libmwmathutil.dll
 0002:0000211c       __IMPORT_DESCRIPTOR_libemlrt 000000018005a11c     libemlrt:libemlrt.dll
 0002:00002130       __IMPORT_DESCRIPTOR_KERNEL32 000000018005a130     kernel32:KERNEL32.dll
 0002:00002144       __IMPORT_DESCRIPTOR_VCRUNTIME140 000000018005a144     vcruntime:VCRUNTIME140.dll
 0002:00002158       __IMPORT_DESCRIPTOR_api-ms-win-crt-string-l1-1-0 000000018005a158     ucrt:api-ms-win-crt-string-l1-1-0.dll
 0002:0000216c       __IMPORT_DESCRIPTOR_api-ms-win-crt-stdio-l1-1-0 000000018005a16c     ucrt:api-ms-win-crt-stdio-l1-1-0.dll
 0002:00002180       __IMPORT_DESCRIPTOR_api-ms-win-crt-heap-l1-1-0 000000018005a180     ucrt:api-ms-win-crt-heap-l1-1-0.dll
 0002:00002194       __IMPORT_DESCRIPTOR_api-ms-win-crt-math-l1-1-0 000000018005a194     ucrt:api-ms-win-crt-math-l1-1-0.dll
 0002:000021a8       __IMPORT_DESCRIPTOR_api-ms-win-crt-runtime-l1-1-0 000000018005a1a8     ucrt:api-ms-win-crt-runtime-l1-1-0.dll
 0002:000021bc       __NULL_IMPORT_DESCRIPTOR   000000018005a1bc     sf_runtime:sf_runtime.dll
 0003:00003e18       DYNAMIC_DIMENSION          000000018005fe18     FLWSim_sfun_registry.obj
 0003:000052d0       __security_cookie          00000001800612d0     MSVCRT:gs_cookie.obj
 0003:000052d8       __security_cookie_complement 00000001800612d8     MSVCRT:gs_cookie.obj
 0003:000052e0       _fltused                   00000001800612e0     MSVCRT:dllsupp.obj
 0003:000052f0       __scrt_native_dllmain_reason 00000001800612f0     MSVCRT:utility.obj
 0003:000052f8       __isa_available            00000001800612f8     MSVCRT:_cpu_disp_.obj
 0003:000052fc       __isa_enabled              00000001800612fc     MSVCRT:_cpu_disp_.obj
 0003:00005300       __memcpy_nt_iters          0000000180061300     MSVCRT:_cpu_disp_.obj
 0003:00005310       __scrt_ucrt_dll_is_in_use  0000000180061310     MSVCRT:ucrt_stubs.obj
 0003:00005350       sfGlobalDebugInstanceStruct 0000000180061350     FLWSim_sfun_registry.obj
 0003:000068d8       __scrt_current_native_startup_state 00000001800628d8     MSVCRT:utility.obj
 0003:000068e0       __scrt_native_startup_lock 00000001800628e0     MSVCRT:utility.obj
 0003:00006920       ?__type_info_root_node@@3U__type_info_node@@A 0000000180062920     MSVCRT:tncleanup.obj
 0003:00006930       ?_OptionsStorage@?1??__local_stdio_printf_options@@9@4_KA 0000000180062930     MSVCRT:default_local_stdio_options.obj
 0003:00006938       ?_OptionsStorage@?1??__local_stdio_scanf_options@@9@4_KA 0000000180062938     MSVCRT:default_local_stdio_options.obj
 0003:00006940       __scrt_debugger_hook_flag  0000000180062940     MSVCRT:utility_desktop.obj
 0003:00006944       __favor                    0000000180062944     MSVCRT:_cpu_disp_.obj
 0003:00006948       ?_OptionsStorage@?1??__local_stdio_printf_options@@9@9 0000000180062948     <common>
 0003:00006950       _FLWSimMachineNumber_      0000000180062950     <common>
 0003:00006958       __dyn_tls_init_callback    0000000180062958     <common>

 entry point at        0001:00055ae8

 Static symbols

 0004:fff9d000       $pdata$Cos                 0000000180000000     dR_RightThigh_src.obj
 0000:00000000       .debug$S                   0000000180000000     FLWSim_sfun.exp
 0000:00000000       .debug$S                   0000000180000000     ucrt:api-ms-win-crt-heap-l1-1-0.dll
 0000:00000000       .debug$S                   0000000180000000     ucrt:api-ms-win-crt-heap-l1-1-0.dll
 0000:00000000       .debug$S                   0000000180000000     ucrt:api-ms-win-crt-math-l1-1-0.dll
 0000:00000000       .debug$S                   0000000180000000     ucrt:api-ms-win-crt-math-l1-1-0.dll
 0000:00000000       .debug$S                   0000000180000000     ucrt:api-ms-win-crt-math-l1-1-0.dll
 0000:00000000       .debug$S                   0000000180000000     ucrt:api-ms-win-crt-runtime-l1-1-0.dll
 0004:fff9d000       $pdata$Sin                 0000000180000000     dR_RightToe_src.obj
 0002:fffa8000       $unwind$Sin                0000000180000000     dR_RightToe_src.obj
 0000:00000000       .debug$S                   0000000180000000     ucrt:api-ms-win-crt-runtime-l1-1-0.dll
 0002:fffa8000       $unwind$Sin                0000000180000000     T_torso_src.obj
 0004:fff9d000       $pdata$Sin                 0000000180000000     T_torso_src.obj
 0002:fffa8000       $unwind$Cos                0000000180000000     T_torso_src.obj
 0004:fff9d000       $pdata$Cos                 0000000180000000     T_torso_src.obj
 0000:00000000       .debug$S                   0000000180000000     sf_runtime:sf_runtime.dll
[...]
 0004:0000111c       $pdata$dT_LeftKnee_src     000000018006411c     dT_LeftKnee_src.obj
 0004:00001128       $pdata$output1             0000000180064128     dT_LeftKnee_src.obj
 0004:00001134       $pdata$dT_LeftShin_src     0000000180064134     dT_LeftShin_src.obj
 0004:00001140       $pdata$output1             0000000180064140     dT_LeftShin_src.obj
 0004:0000114c       $pdata$dT_LeftThigh_src    000000018006414c     dT_LeftThigh_src.obj
 0004:00001158       $pdata$output1             0000000180064158     dT_LeftThigh_src.obj
 0004:00001164       $pdata$dT_LeftToe_src      0000000180064164     dT_LeftToe_src.obj
 0004:00001170       $pdata$output1             0000000180064170     dT_LeftToe_src.obj
 0004:0000117c       $pdata$dT_RightHip_src     000000018006417c     dT_RightHip_src.obj
 0004:00001188       $pdata$output1             0000000180064188     dT_RightHip_src.obj
 0004:00001194       $pdata$dT_RightKnee_src    0000000180064194     dT_RightKnee_src.obj
 0004:000011a0       $pdata$output1             00000001800641a0     dT_RightKnee_src.obj
 0004:000011ac       $pdata$dT_RightShin_src    00000001800641ac     dT_RightShin_src.obj
 0004:000011b8       $pdata$output1             00000001800641b8     dT_RightShin_src.obj
 0004:000011c4       $pdata$dT_RightThigh_src   00000001800641c4     dT_RightThigh_src.obj
 0004:000011d0       $pdata$output1             00000001800641d0     dT_RightThigh_src.obj
 0004:000011dc       $pdata$dT_RightToe_src     00000001800641dc     dT_RightToe_src.obj
 0004:000011e8       $pdata$output1             00000001800641e8     dT_RightToe_src.obj
 0004:000011f4       $pdata$dT_Torso_src        00000001800641f4     dT_torso_src.obj
 0004:00001200       $pdata$output1             0000000180064200     dT_torso_src.obj
 0004:0000120c       $pdata$Inertia_LeftShin_src 000000018006420c     Inertia_LeftShin_src.obj
 0004:00001218       $pdata$Inertia_LeftThigh_src 0000000180064218     Inertia_LeftThigh_src.obj
 0004:00001224       $pdata$Inertia_RightShin_src 0000000180064224     Inertia_RightShin_src.obj
 0004:00001230       $pdata$Inertia_RightThigh_src 0000000180064230     Inertia_RightThigh_src.obj
 0004:0000123c       $pdata$Inertia_Torso_src   000000018006423c     Inertia_torso_src.obj
 0004:00001248       $pdata$Jb_Head_src         0000000180064248     Jb_Head_src.obj
 0004:00001254       $pdata$output1             0000000180064254     Jb_Head_src.obj
 0004:00001260       $pdata$Jb_LeftHip_src      0000000180064260     Jb_LeftHip_src.obj
 0004:0000126c       $pdata$output1             000000018006426c     Jb_LeftHip_src.obj
 0004:00001278       $pdata$Jb_LeftKnee_src     0000000180064278     Jb_LeftKnee_src.obj
 0004:00001284       $pdata$output1             0000000180064284     Jb_LeftKnee_src.obj
 0004:00001290       $pdata$Jb_LeftShin_src     0000000180064290     Jb_LeftShin_src.obj
 0004:0000129c       $pdata$output1             000000018006429c     Jb_LeftShin_src.obj
 0004:000012a8       $pdata$Jb_LeftThigh_src    00000001800642a8     Jb_LeftThigh_src.obj
 0004:000012b4       $pdata$output1             00000001800642b4     Jb_LeftThigh_src.obj
 0004:000012c0       $pdata$Jb_LeftToe_src      00000001800642c0     Jb_LeftToe_src.obj
 0004:000012cc       $pdata$output1             00000001800642cc     Jb_LeftToe_src.obj
 0004:000012d8       $pdata$Jb_RightHip_src     00000001800642d8     Jb_RightHip_src.obj
 0004:000012e4       $pdata$output1             00000001800642e4     Jb_RightHip_src.obj
 0004:000012f0       $pdata$Jb_RightKnee_src    00000001800642f0     Jb_RightKnee_src.obj
 0004:000012fc       $pdata$output1             00000001800642fc     Jb_RightKnee_src.obj
 0004:00001308       $pdata$Jb_RightShin_src    0000000180064308     Jb_RightShin_src.obj
 0004:00001314       $pdata$output1             0000000180064314     Jb_RightShin_src.obj
 0004:00001320       $pdata$Jb_RightThigh_src   0000000180064320     Jb_RightThigh_src.obj
 0004:0000132c       $pdata$output1             000000018006432c     Jb_RightThigh_src.obj
 0004:00001338       $pdata$Jb_RightToe_src     0000000180064338     Jb_RightToe_src.obj
 0004:00001344       $pdata$output1             0000000180064344     Jb_RightToe_src.obj
 0004:00001350       $pdata$Jb_Torso_src        0000000180064350     Jb_torso_src.obj
 0004:0000135c       $pdata$output1             000000018006435c     Jb_torso_src.obj
 0004:00001368       $pdata$Jp_COM_src          0000000180064368     Jp_COM_src.obj
 0004:00001374       $pdata$output1             0000000180064374     Jp_COM_src.obj
 0004:00001380       $pdata$Jp_Head_src         0000000180064380     Jp_Head_src.obj
 0004:0000138c       $pdata$output1             000000018006438c     Jp_Head_src.obj
 0004:00001398       $pdata$Jp_LeftHip_src      0000000180064398     Jp_LeftHip_src.obj
 0004:000013a4       $pdata$Jp_LeftKnee_src     00000001800643a4     Jp_LeftKnee_src.obj
 0004:000013b0       $pdata$output1             00000001800643b0     Jp_LeftKnee_src.obj
 0004:000013bc       $pdata$Jp_LeftShin_src     00000001800643bc     Jp_LeftShin_src.obj
 0004:000013c8       $pdata$output1             00000001800643c8     Jp_LeftShin_src.obj
 0004:000013d4       $pdata$Jp_LeftThigh_src    00000001800643d4     Jp_LeftThigh_src.obj
 0004:000013e0       $pdata$output1             00000001800643e0     Jp_LeftThigh_src.obj
 0004:000013ec       $pdata$Jp_LeftToe_src      00000001800643ec     Jp_LeftToe_src.obj
 0004:000013f8       $pdata$output1             00000001800643f8     Jp_LeftToe_src.obj
 0004:00001404       $pdata$Jp_RightHip_src     0000000180064404     Jp_RightHip_src.obj
 0004:00001410       $pdata$Jp_RightKnee_src    0000000180064410     Jp_RightKnee_src.obj
 0004:0000141c       $pdata$output1             000000018006441c     Jp_RightKnee_src.obj
 0004:00001428       $pdata$Jp_RightShin_src    0000000180064428     Jp_RightShin_src.obj
 0004:00001434       $pdata$output1             0000000180064434     Jp_RightShin_src.obj
 0004:00001440       $pdata$Jp_RightThigh_src   0000000180064440     Jp_RightThigh_src.obj
 0004:0000144c       $pdata$output1             000000018006444c     Jp_RightThigh_src.obj
 0004:00001458       $pdata$Jp_RightToe_src     0000000180064458     Jp_RightToe_src.obj
 0004:00001464       $pdata$output1             0000000180064464     Jp_RightToe_src.obj
 0004:00001470       $pdata$Jp_Torso_src        0000000180064470     Jp_torso_src.obj
 0004:0000147c       $pdata$output1             000000018006447c     Jp_torso_src.obj
 0004:00001488       $pdata$Js_Head_src         0000000180064488     Js_Head_src.obj
 0004:00001494       $pdata$Js_LeftHip_src      0000000180064494     Js_LeftHip_src.obj
 0004:000014a0       $pdata$output1             00000001800644a0     Js_LeftHip_src.obj
 0004:000014ac       $pdata$Js_LeftKnee_src     00000001800644ac     Js_LeftKnee_src.obj
 0004:000014b8       $pdata$output1             00000001800644b8     Js_LeftKnee_src.obj
 0004:000014c4       $pdata$Js_LeftShin_src     00000001800644c4     Js_LeftShin_src.obj
 0004:000014d0       $pdata$output1             00000001800644d0     Js_LeftShin_src.obj
 0004:000014dc       $pdata$Js_LeftThigh_src    00000001800644dc     Js_LeftThigh_src.obj
 0004:000014e8       $pdata$output1             00000001800644e8     Js_LeftThigh_src.obj
 0004:000014f4       $pdata$Js_LeftToe_src      00000001800644f4     Js_LeftToe_src.obj
 0004:00001500       $pdata$output1             0000000180064500     Js_LeftToe_src.obj
 0004:0000150c       $pdata$Js_RightHip_src     000000018006450c     Js_RightHip_src.obj
 0004:00001518       $pdata$output1             0000000180064518     Js_RightHip_src.obj
 0004:00001524       $pdata$Js_RightKnee_src    0000000180064524     Js_RightKnee_src.obj
 0004:00001530       $pdata$output1             0000000180064530     Js_RightKnee_src.obj
 0004:0000153c       $pdata$Js_RightShin_src    000000018006453c     Js_RightShin_src.obj
 0004:00001548       $pdata$output1             0000000180064548     Js_RightShin_src.obj
 0004:00001554       $pdata$Js_RightThigh_src   0000000180064554     Js_RightThigh_src.obj
 0004:00001560       $pdata$output1             0000000180064560     Js_RightThigh_src.obj
 0004:0000156c       $pdata$Js_RightToe_src     000000018006456c     Js_RightToe_src.obj
 0004:00001578       $pdata$output1             0000000180064578     Js_RightToe_src.obj
 0004:00001584       $pdata$Js_Torso_src        0000000180064584     Js_torso_src.obj
 0004:00001590       $pdata$p_COM_src           0000000180064590     p_COM_src.obj
 0004:0000159c       $pdata$output1             000000018006459c     p_COM_src.obj
 0004:000015a8       $pdata$p_Head_src          00000001800645a8     p_Head_src.obj
 0004:000015b4       $pdata$output1             00000001800645b4     p_Head_src.obj
 0004:000015c0       $pdata$p_LeftHip_src       00000001800645c0     p_LeftHip_src.obj
 0004:000015cc       $pdata$p_LeftKnee_src      00000001800645cc     p_LeftKnee_src.obj
 0004:000015d8       $pdata$output1             00000001800645d8     p_LeftKnee_src.obj
 0004:000015e4       $pdata$p_LeftShin_src      00000001800645e4     p_LeftShin_src.obj
 0004:000015f0       $pdata$output1             00000001800645f0     p_LeftShin_src.obj
 0004:000015fc       $pdata$p_LeftThigh_src     00000001800645fc     p_LeftThigh_src.obj
 0004:00001608       $pdata$output1             0000000180064608     p_LeftThigh_src.obj
 0004:00001614       $pdata$p_LeftToe_src       0000000180064614     p_LeftToe_src.obj
 0004:00001620       $pdata$output1             0000000180064620     p_LeftToe_src.obj
 0004:0000162c       $pdata$p_RightHip_src      000000018006462c     p_RightHip_src.obj
 0004:00001638       $pdata$p_RightKnee_src     0000000180064638     p_RightKnee_src.obj
 0004:00001644       $pdata$output1             0000000180064644     p_RightKnee_src.obj
 0004:00001650       $pdata$p_RightShin_src     0000000180064650     p_RightShin_src.obj
 0004:0000165c       $pdata$output1             000000018006465c     p_RightShin_src.obj
 0004:00001668       $pdata$p_RightThigh_src    0000000180064668     p_RightThigh_src.obj
 0004:00001674       $pdata$output1             0000000180064674     p_RightThigh_src.obj
 0004:00001680       $pdata$p_RightToe_src      0000000180064680     p_RightToe_src.obj
 0004:0000168c       $pdata$output1             000000018006468c     p_RightToe_src.obj
 0004:00001698       $pdata$p_Torso_src         0000000180064698     p_torso_src.obj
 0004:000016a4       $pdata$output1             00000001800646a4     p_torso_src.obj
 0004:000016b0       $pdata$R_Head_src          00000001800646b0     R_Head_src.obj
 0004:000016bc       $pdata$output1             00000001800646bc     R_Head_src.obj
 0004:000016c8       $pdata$R_LeftHip_src       00000001800646c8     R_LeftHip_src.obj
 0004:000016d4       $pdata$output1             00000001800646d4     R_LeftHip_src.obj
 0004:000016e0       $pdata$R_LeftKnee_src      00000001800646e0     R_LeftKnee_src.obj
 0004:000016ec       $pdata$output1             00000001800646ec     R_LeftKnee_src.obj
 0004:000016f8       $pdata$R_LeftShin_src      00000001800646f8     R_LeftShin_src.obj
 0004:00001704       $pdata$output1             0000000180064704     R_LeftShin_src.obj
 0004:00001710       $pdata$R_LeftThigh_src     0000000180064710     R_LeftThigh_src.obj
 0004:0000171c       $pdata$output1             000000018006471c     R_LeftThigh_src.obj
 0004:00001728       $pdata$R_LeftToe_src       0000000180064728     R_LeftToe_src.obj
 0004:00001734       $pdata$output1             0000000180064734     R_LeftToe_src.obj
 0004:00001740       $pdata$R_RightHip_src      0000000180064740     R_RightHip_src.obj
 0004:0000174c       $pdata$output1             000000018006474c     R_RightHip_src.obj
 0004:00001758       $pdata$R_RightKnee_src     0000000180064758     R_RightKnee_src.obj
 0004:00001764       $pdata$output1             0000000180064764     R_RightKnee_src.obj
 0004:00001770       $pdata$R_RightShin_src     0000000180064770     R_RightShin_src.obj
 0004:0000177c       $pdata$output1             000000018006477c     R_RightShin_src.obj
 0004:00001788       $pdata$R_RightThigh_src    0000000180064788     R_RightThigh_src.obj
 0004:00001794       $pdata$output1             0000000180064794     R_RightThigh_src.obj
 0004:000017a0       $pdata$R_RightToe_src      00000001800647a0     R_RightToe_src.obj
 0004:000017ac       $pdata$output1             00000001800647ac     R_RightToe_src.obj
 0004:000017b8       $pdata$R_Torso_src         00000001800647b8     R_torso_src.obj
 0004:000017c4       $pdata$output1             00000001800647c4     R_torso_src.obj
 0004:000017d0       $pdata$T_Head_src          00000001800647d0     T_Head_src.obj
 0004:000017dc       $pdata$output1             00000001800647dc     T_Head_src.obj
 0004:000017e8       $pdata$T_LeftHip_src       00000001800647e8     T_LeftHip_src.obj
 0004:000017f4       $pdata$output1             00000001800647f4     T_LeftHip_src.obj
 0004:00001800       $pdata$T_LeftKnee_src      0000000180064800     T_LeftKnee_src.obj
 0004:0000180c       $pdata$output1             000000018006480c     T_LeftKnee_src.obj
 0004:00001818       $pdata$T_LeftShin_src      0000000180064818     T_LeftShin_src.obj
 0004:00001824       $pdata$output1             0000000180064824     T_LeftShin_src.obj
 0004:00001830       $pdata$T_LeftThigh_src     0000000180064830     T_LeftThigh_src.obj
 0004:0000183c       $pdata$output1             000000018006483c     T_LeftThigh_src.obj
 0004:00001848       $pdata$T_LeftToe_src       0000000180064848     T_LeftToe_src.obj
 0004:00001854       $pdata$output1             0000000180064854     T_LeftToe_src.obj
 0004:00001860       $pdata$T_RightHip_src      0000000180064860     T_RightHip_src.obj
 0004:0000186c       $pdata$output1             000000018006486c     T_RightHip_src.obj
 0004:00001878       $pdata$T_RightKnee_src     0000000180064878     T_RightKnee_src.obj
 0004:00001884       $pdata$output1             0000000180064884     T_RightKnee_src.obj
 0004:00001890       $pdata$T_RightShin_src     0000000180064890     T_RightShin_src.obj
 0004:0000189c       $pdata$output1             000000018006489c     T_RightShin_src.obj
 0004:000018a8       $pdata$T_RightThigh_src    00000001800648a8     T_RightThigh_src.obj
 0004:000018b4       $pdata$output1             00000001800648b4     T_RightThigh_src.obj
 0004:000018c0       $pdata$T_RightToe_src      00000001800648c0     T_RightToe_src.obj
 0004:000018cc       $pdata$output1             00000001800648cc     T_RightToe_src.obj
 0004:000018d8       $pdata$T_Torso_src         00000001800648d8     T_torso_src.obj
 0004:000018e4       $pdata$output1             00000001800648e4     T_torso_src.obj
 0004:000018f0       $pdata$__raise_securityfailure 00000001800648f0     MSVCRT:gs_report.obj
 0004:000018fc       $pdata$__report_gsfailure  00000001800648fc     MSVCRT:gs_report.obj
 0004:00001908       $pdata$__report_rangecheckfailure 0000000180064908     MSVCRT:gs_report.obj
 0004:00001914       $pdata$__report_securityfailure 0000000180064914     MSVCRT:gs_report.obj
 0004:00001920       $pdata$__report_securityfailureEx 0000000180064920     MSVCRT:gs_report.obj
 0004:0000192c       $pdata$capture_current_context 000000018006492c     MSVCRT:gs_report.obj
 0004:00001938       $pdata$capture_previous_context 0000000180064938     MSVCRT:gs_report.obj
 0004:00001944       $pdata$__GSHandlerCheck    0000000180064944     MSVCRT:_gshandler_.obj
 0004:00001950       $pdata$__GSHandlerCheckCommon 0000000180064950     MSVCRT:_gshandler_.obj
 0004:00001974       $pdata$?dllmain_crt_dispatch@@YAHQEAUHINSTANCE__@@KQEAX@Z 0000000180064974     MSVCRT:dll_dllmain.obj
 0004:00001980       $pdata$?dllmain_crt_process_attach@@YAHQEAUHINSTANCE__@@QEAX@Z 0000000180064980     MSVCRT:dll_dllmain.obj
 0004:0000198c       $pdata$?dllmain_crt_process_detach@@YAH_N@Z 000000018006498c     MSVCRT:dll_dllmain.obj
 0004:00001998       $pdata$?dllmain_dispatch@@YAHQEAUHINSTANCE__@@KQEAX@Z 0000000180064998     MSVCRT:dll_dllmain.obj
 0004:000019a4       $pdata$?dllmain_raw@@YAHQEAUHINSTANCE__@@KQEAX@Z 00000001800649a4     MSVCRT:dll_dllmain.obj
 0004:000019b0       $pdata$_DllMainCRTStartup  00000001800649b0     MSVCRT:dll_dllmain.obj
 0004:000019bc       $pdata$?configure_argv@__scrt_narrow_argv_policy@@SAHXZ 00000001800649bc     MSVCRT:utility.obj
 0004:000019c8       $pdata$__scrt_acquire_startup_lock 00000001800649c8     MSVCRT:utility.obj
 0004:000019d4       $pdata$__scrt_dllmain_after_initialize_c 00000001800649d4     MSVCRT:utility.obj
 0004:000019e0       $pdata$__scrt_dllmain_before_initialize_c 00000001800649e0     MSVCRT:utility.obj
 0004:000019ec       $pdata$__scrt_dllmain_crt_thread_attach 00000001800649ec     MSVCRT:utility.obj
 0004:000019f8       $pdata$__scrt_dllmain_crt_thread_detach 00000001800649f8     MSVCRT:utility.obj
 0004:00001a04       $pdata$__scrt_dllmain_exception_filter 0000000180064a04     MSVCRT:utility.obj
 0004:00001a10       $pdata$__scrt_dllmain_uninitialize_c 0000000180064a10     MSVCRT:utility.obj
 0004:00001a1c       $pdata$__scrt_dllmain_uninitialize_critical 0000000180064a1c     MSVCRT:utility.obj
 0004:00001a28       $pdata$__scrt_initialize_crt 0000000180064a28     MSVCRT:utility.obj
 0004:00001a34       $pdata$__scrt_initialize_onexit_tables 0000000180064a34     MSVCRT:utility.obj
 0004:00001a40       $pdata$__scrt_is_nonwritable_in_current_image 0000000180064a40     MSVCRT:utility.obj
 0004:00001a4c       $pdata$__scrt_release_startup_lock 0000000180064a4c     MSVCRT:utility.obj
 0004:00001a58       $pdata$__scrt_uninitialize_crt 0000000180064a58     MSVCRT:utility.obj
 0004:00001a64       $pdata$_onexit             0000000180064a64     MSVCRT:utility.obj
 0004:00001a70       $pdata$atexit              0000000180064a70     MSVCRT:utility.obj
 0004:00001a7c       $pdata$__security_init_cookie 0000000180064a7c     MSVCRT:gs_support.obj
 0004:00001a88       $pdata$DllMain             0000000180064a88     MSVCRT:dll_dllmain_stub.obj
 0004:00001a94       $pdata$__scrt_initialize_default_local_stdio_options 0000000180064a94     MSVCRT:default_local_stdio_options.obj
 0004:00001aa0       $pdata$__scrt_fastfail     0000000180064aa0     MSVCRT:utility_desktop.obj
 0004:00001aac       $pdata$__scrt_get_show_window_mode 0000000180064aac     MSVCRT:utility_desktop.obj
 0004:00001ab8       $pdata$__scrt_is_managed_app 0000000180064ab8     MSVCRT:utility_desktop.obj
 0004:00001ac4       $pdata$__scrt_unhandled_exception_filter 0000000180064ac4     MSVCRT:utility_desktop.obj
 0004:00001ad0       $pdata$_RTC_Initialize     0000000180064ad0     MSVCRT:_initsect_.obj
 0004:00001adc       $pdata$_RTC_Terminate      0000000180064adc     MSVCRT:_initsect_.obj
 0004:00001ae8       $pdata$__isa_available_init 0000000180064ae8     MSVCRT:_cpu_disp_.obj
 0004:00001b00       $pdata$?fin$0@?0??dllmain_crt_process_attach@@YAHQEAUHINSTANCE__@@QEAX@Z@4HA 0000000180064b00     MSVCRT:dll_dllmain.obj
 0004:00001b0c       $pdata$?fin$0@?0??dllmain_crt_process_detach@@YAH_N@Z@4HA 0000000180064b0c     MSVCRT:dll_dllmain.obj
 0004:00001b18       $pdata$?filt$0@?0??dllmain_dispatch@@YAHQEAUHINSTANCE__@@KQEAX@Z@4HA 0000000180064b18     MSVCRT:dll_dllmain.obj
 0004:00001b24       $pdata$__scrt_is_nonwritable_in_current_image$filt$0 0000000180064b24     MSVCRT:utility.obj
 0005:00000000       __guard_fids_?dllmain_crt_process_attach@@YAHQEAUHINSTANCE__@@QEAX@Z 0000000180065000     MSVCRT:dll_dllmain.obj
 0005:00000008       __guard_fids_?dllmain_dispatch@@YAHQEAUHINSTANCE__@@KQEAX@Z 0000000180065008     MSVCRT:dll_dllmain.obj
 0005:0000000c       __guard_fids___scrt_set_unhandled_exception_filter 000000018006500c     MSVCRT:utility_desktop.obj
 0005:00000010       __guard_fids__             0000000180065010     MSVCRT:guard_support.obj
 0005:00000014       __guard_fids__guard_icall_checks_enforced 0000000180065014     MSVCRT:guard_support.obj
